Archive member included to satisfy reference by file (symbol)

/opt/devkitpro/libctru/lib/libctru.a(initArgv.o)
                              /opt/devkitpro/devkitARM/bin/../lib/gcc/arm-none-eabi/14.1.0/../../../../arm-none-eabi/lib/armv6k/fpu/3dsx_crt0.o (__system_argc)
/opt/devkitpro/libctru/lib/libctru.a(stack_adjust.o)
                              /opt/devkitpro/devkitARM/bin/../lib/gcc/arm-none-eabi/14.1.0/../../../../arm-none-eabi/lib/armv6k/fpu/3dsx_crt0.o (initSystem)
/opt/devkitpro/libctru/lib/libctru.a(3dslink.o)
                              /opt/devkitpro/libctru/lib/libctru.a(initArgv.o) (__3dslink_host)
/opt/devkitpro/libctru/lib/libctru.a(soc_connect.o)
                              /opt/devkitpro/libctru/lib/libctru.a(3dslink.o) (connect)
/opt/devkitpro/libctru/lib/libctru.a(soc_socket.o)
                              /opt/devkitpro/libctru/lib/libctru.a(3dslink.o) (socket)
/opt/devkitpro/libctru/lib/libctru.a(appExit.o)
                              /opt/devkitpro/libctru/lib/libctru.a(stack_adjust.o) (__appExit)
/opt/devkitpro/libctru/lib/libctru.a(appInit.o)
                              /opt/devkitpro/libctru/lib/libctru.a(stack_adjust.o) (__appInit)
/opt/devkitpro/libctru/lib/libctru.a(ctru_exit.o)
                              /opt/devkitpro/libctru/lib/libctru.a(stack_adjust.o) (__libctru_exit)
/opt/devkitpro/libctru/lib/libctru.a(ctru_init.o)
                              /opt/devkitpro/libctru/lib/libctru.a(stack_adjust.o) (__libctru_init)
/opt/devkitpro/libctru/lib/libctru.a(syscalls.o)
                              /opt/devkitpro/libctru/lib/libctru.a(ctru_init.o) (__system_initSyscalls)
/opt/devkitpro/libctru/lib/libctru.a(svc.o)
                              /opt/devkitpro/libctru/lib/libctru.a(ctru_exit.o) (svcControlMemory)
/opt/devkitpro/libctru/lib/libctru.a(archive_dev.o)
                              /opt/devkitpro/libctru/lib/libctru.a(appInit.o) (archiveMountSdmc)
/opt/devkitpro/libctru/lib/libctru.a(env.o)
                              /opt/devkitpro/libctru/lib/libctru.a(ctru_exit.o) (envDestroyHandles)
/opt/devkitpro/libctru/lib/libctru.a(os.o)
                              /opt/devkitpro/libctru/lib/libctru.a(syscalls.o) (osGetTime)
/opt/devkitpro/libctru/lib/libctru.a(path_buf.o)
                              /opt/devkitpro/libctru/lib/libctru.a(archive_dev.o) (__ctru_dev_utf16_buf)
/opt/devkitpro/libctru/lib/libctru.a(srv.o)
                              /opt/devkitpro/libctru/lib/libctru.a(appInit.o) (srvInit)
/opt/devkitpro/libctru/lib/libctru.a(synchronization.o)
                              /opt/devkitpro/libctru/lib/libctru.a(ctru_init.o) (__sync_init)
/opt/devkitpro/libctru/lib/libctru.a(thread.o)
                              /opt/devkitpro/libctru/lib/libctru.a(syscalls.o) (threadCreate)
/opt/devkitpro/libctru/lib/libctru.a(apt.o)
                              /opt/devkitpro/libctru/lib/libctru.a(appExit.o) (aptExit)
/opt/devkitpro/libctru/lib/libctru.a(fs.o)
                              /opt/devkitpro/libctru/lib/libctru.a(appInit.o) (fsInit)
/opt/devkitpro/libctru/lib/libctru.a(gspgpu.o)
                              /opt/devkitpro/libctru/lib/libctru.a(apt.o) (GSPGPU_SetLcdForceBlack)
/opt/devkitpro/libctru/lib/libctru.a(hid.o)
                              /opt/devkitpro/libctru/lib/libctru.a(appInit.o) (hidInit)
/opt/devkitpro/libctru/lib/libctru.a(irrst.o)
                              /opt/devkitpro/libctru/lib/libctru.a(hid.o) (irrstInit)
/opt/devkitpro/libctru/lib/libctru.a(ptmsysm.o)
                              /opt/devkitpro/libctru/lib/libctru.a(os.o) (ptmSysmInit)
/opt/devkitpro/libctru/lib/libctru.a(srvpm.o)
                              /opt/devkitpro/libctru/lib/libctru.a(srv.o) (srvPmGetSessionHandle)
/opt/devkitpro/libctru/lib/libctru.a(soc_common.o)
                              /opt/devkitpro/libctru/lib/libctru.a(soc_connect.o) (_net_convert_error)
/opt/devkitpro/libctru/lib/libctru.a(decode_utf8.o)
                              /opt/devkitpro/libctru/lib/libctru.a(archive_dev.o) (decode_utf8)
/opt/devkitpro/libctru/lib/libctru.a(utf16_to_utf8.o)
                              /opt/devkitpro/libctru/lib/libctru.a(archive_dev.o) (utf16_to_utf8)
/opt/devkitpro/libctru/lib/libctru.a(utf8_to_utf16.o)
                              /opt/devkitpro/libctru/lib/libctru.a(archive_dev.o) (utf8_to_utf16)
/opt/devkitpro/libctru/lib/libctru.a(allocateHeaps.o)
                              /opt/devkitpro/libctru/lib/libctru.a(ctru_init.o) (__system_allocateHeaps)
/opt/devkitpro/libctru/lib/libctru.a(readtp.o)
                              /opt/devkitpro/libctru/lib/libctru.a(archive_dev.o) (__aeabi_read_tp)
/opt/devkitpro/libctru/lib/libctru.a(mappable.o)
                              /opt/devkitpro/libctru/lib/libctru.a(allocateHeaps.o) (mappableInit)
/opt/devkitpro/libctru/lib/libctru.a(decode_utf16.o)
                              /opt/devkitpro/libctru/lib/libctru.a(utf16_to_utf8.o) (decode_utf16)
[...]
Memory Configuration

Name             Origin             Length             Attributes
*default*        0x00000000         0xffffffff

Linker script and memory map

                0x00000000                        __sync_synchronize = __sync_synchronize_dmb
                0x00100000                        PROVIDE (__start__ = 0x100000)
                0x00100000                        . = __start__

.text           0x00100000     0x7b80
 *(.crt0)
 .crt0          0x00100000       0x94 /opt/devkitpro/devkitARM/bin/../lib/gcc/arm-none-eabi/14.1.0/../../../../arm-none-eabi/lib/armv6k/fpu/3dsx_crt0.o
                0x00100000                _start
                0x00100008                __service_ptr
                0x0010000c                __apt_appid
                0x00100010                __heap_size
                0x00100014                __linear_heap_size
                0x00100018                __system_arglist
                0x0010001c                __system_runflags
 *(.init)
 .init          0x00100094        0xc /opt/devkitpro/devkitARM/bin/../lib/gcc/arm-none-eabi/14.1.0/armv6k/fpu/crti.o
                0x00100094                _init
 .init          0x001000a0        0xc /opt/devkitpro/devkitARM/bin/../lib/gcc/arm-none-eabi/14.1.0/armv6k/fpu/crtn.o
                0x001000ac                        . = ALIGN (0x4)
 *(.text)
 .text          0x001000ac        0x4 /opt/devkitpro/devkitARM/bin/../lib/gcc/arm-none-eabi/14.1.0/armv6k/fpu/libgcc.a(_dvmd_tls.o)
                0x001000ac                __aeabi_ldiv0
                0x001000ac                __aeabi_idiv0
 *fill*         0x001000b0       0x10 
 .text          0x001000c0      0x390 /opt/devkitpro/devkitARM/bin/../lib/gcc/arm-none-eabi/14.1.0/../../../../arm-none-eabi/lib/armv6k/fpu/libg.a(libc_a-strcmp.o)
                0x001000c8                strcmp
 .text          0x00100450      0x20c /opt/devkitpro/devkitARM/bin/../lib/gcc/arm-none-eabi/14.1.0/armv6k/fpu/libgcc.a(_udivsi3.o)
                0x00100450                __udivsi3
                0x00100450                __aeabi_uidiv
                0x0010063c                __aeabi_uidivmod
 *(.text.*)
 .text.__do_global_dtors_aux
                0x0010065c       0x40 /opt/devkitpro/devkitARM/bin/../lib/gcc/arm-none-eabi/14.1.0/armv6k/fpu/crtbegin.o
 .text.frame_dummy
                0x0010069c       0x2c /opt/devkitpro/devkitARM/bin/../lib/gcc/arm-none-eabi/14.1.0/armv6k/fpu/crtbegin.o
 .text.__system_initArgv
                0x001006c8      0x170 /opt/devkitpro/libctru/lib/libctru.a(initArgv.o)
                0x001006c8                __system_initArgv
 .text.initSystem
                0x00100838       0x50 /opt/devkitpro/libctru/lib/libctru.a(stack_adjust.o)
                0x00100838                initSystem
 .text.__ctru_exit
                0x00100888       0x14 /opt/devkitpro/libctru/lib/libctru.a(stack_adjust.o)
                0x00100888                __ctru_exit
 .text.__appExit
                0x0010089c       0x30 /opt/devkitpro/libctru/lib/libctru.a(appExit.o)
                0x0010089c                __appExit
 .text.__appInit
                0x001008cc       0x30 /opt/devkitpro/libctru/lib/libctru.a(appInit.o)
                0x001008cc                __appInit
 .text.__libctru_exit
                0x001008fc       0x90 /opt/devkitpro/libctru/lib/libctru.a(ctru_exit.o)
                0x001008fc                __libctru_exit
 .text.__libctru_init
                0x0010098c       0x38 /opt/devkitpro/libctru/lib/libctru.a(ctru_init.o)
                0x0010098c                __libctru_init
 .text.__syscall_getreent
                0x001009c4       0x30 /opt/devkitpro/libctru/lib/libctru.a(syscalls.o)
                0x001009c4                __syscall_getreent
 .text.__syscall_lock_acquire_recursive
                0x001009f4        0x4 /opt/devkitpro/libctru/lib/libctru.a(syscalls.o)
                0x001009f4                __syscall_lock_acquire_recursive
 .text.__syscall_lock_release_recursive
                0x001009f8        0x4 /opt/devkitpro/libctru/lib/libctru.a(syscalls.o)
                0x001009f8                __syscall_lock_release_recursive
 .text.__syscall_exit
                0x001009fc        0x4 /opt/devkitpro/libctru/lib/libctru.a(syscalls.o)
                0x001009fc                __syscall_exit
 .text.initThreadVars
                0x00100a00       0x50 /opt/devkitpro/libctru/lib/libctru.a(syscalls.o)
                0x00100a00                initThreadVars
 .text.__system_initSyscalls
                0x00100a50       0x80 /opt/devkitpro/libctru/lib/libctru.a(syscalls.o)
                0x00100a50                __system_initSyscalls
 .text.svcControlMemory
                0x00100ad0       0x20 /opt/devkitpro/libctru/lib/libctru.a(svc.o)
                0x00100ad0                svcControlMemory
 .text.svcQueryMemory
                0x00100af0       0x30 /opt/devkitpro/libctru/lib/libctru.a(svc.o)
                0x00100af0                svcQueryMemory
 .text.svcExitProcess
                0x00100b20        0x8 /opt/devkitpro/libctru/lib/libctru.a(svc.o)
                0x00100b20                svcExitProcess
 .text.svcCreateThread
                0x00100b28       0x20 /opt/devkitpro/libctru/lib/libctru.a(svc.o)
                0x00100b28                svcCreateThread
 .text.svcExitThread
                0x00100b48        0x8 /opt/devkitpro/libctru/lib/libctru.a(svc.o)
                0x00100b48                svcExitThread
 .text.svcSleepThread
                0x00100b50        0x8 /opt/devkitpro/libctru/lib/libctru.a(svc.o)
                0x00100b50                svcSleepThread
 .text.svcReleaseMutex
                0x00100b58        0x8 /opt/devkitpro/libctru/lib/libctru.a(svc.o)
                0x00100b58                svcReleaseMutex
 .text.svcSignalEvent
                0x00100b60        0x8 /opt/devkitpro/libctru/lib/libctru.a(svc.o)
                0x00100b60                svcSignalEvent
 .text.svcClearEvent
                0x00100b68        0x8 /opt/devkitpro/libctru/lib/libctru.a(svc.o)
                0x00100b68                svcClearEvent
 .text.svcMapMemoryBlock
                0x00100b70        0x8 /opt/devkitpro/libctru/lib/libctru.a(svc.o)
                0x00100b70                svcMapMemoryBlock
 .text.svcUnmapMemoryBlock
                0x00100b78        0x8 /opt/devkitpro/libctru/lib/libctru.a(svc.o)
                0x00100b78                svcUnmapMemoryBlock
 .text.svcCreateAddressArbiter
                0x00100b80       0x14 /opt/devkitpro/libctru/lib/libctru.a(svc.o)
                0x00100b80                svcCreateAddressArbiter
 .text.svcArbitrateAddressNoTimeout
                0x00100b94        0x8 /opt/devkitpro/libctru/lib/libctru.a(svc.o)
                0x00100b94                svcArbitrateAddressNoTimeout
 .text.svcCloseHandle
                0x00100b9c        0x8 /opt/devkitpro/libctru/lib/libctru.a(svc.o)
                0x00100b9c                svcCloseHandle
 .text.svcWaitSynchronization
                0x00100ba4        0x8 /opt/devkitpro/libctru/lib/libctru.a(svc.o)
                0x00100ba4                svcWaitSynchronization
 .text.svcWaitSynchronizationN
                0x00100bac       0x28 /opt/devkitpro/libctru/lib/libctru.a(svc.o)
                0x00100bac                svcWaitSynchronizationN
 .text.svcDuplicateHandle
                0x00100bd4       0x14 /opt/devkitpro/libctru/lib/libctru.a(svc.o)
                0x00100bd4                svcDuplicateHandle
 .text.svcConnectToPort
                0x00100be8       0x14 /opt/devkitpro/libctru/lib/libctru.a(svc.o)
                0x00100be8                svcConnectToPort
 .text.svcSendSyncRequest
                0x00100bfc        0x8 /opt/devkitpro/libctru/lib/libctru.a(svc.o)
                0x00100bfc                svcSendSyncRequest
 .text.svcGetResourceLimit
                0x00100c04       0x14 /opt/devkitpro/libctru/lib/libctru.a(svc.o)
                0x00100c04                svcGetResourceLimit
 .text.svcGetResourceLimitLimitValues
                0x00100c18        0x8 /opt/devkitpro/libctru/lib/libctru.a(svc.o)
                0x00100c18                svcGetResourceLimitLimitValues
 .text.svcGetResourceLimitCurrentValues
                0x00100c20        0x8 /opt/devkitpro/libctru/lib/libctru.a(svc.o)
                0x00100c20                svcGetResourceLimitCurrentValues
 .text.svcBreak
                0x00100c28        0x8 /opt/devkitpro/libctru/lib/libctru.a(svc.o)
                0x00100c28                svcBreak
 .text.archive_link
                0x00100c30       0x14 /opt/devkitpro/libctru/lib/libctru.a(archive_dev.o)
 .text.archive_dirreset
                0x00100c44       0x14 /opt/devkitpro/libctru/lib/libctru.a(archive_dev.o)
 .text.archive_chmod
                0x00100c58       0x14 /opt/devkitpro/libctru/lib/libctru.a(archive_dev.o)
 .text.error_cmp
                0x00100c6c       0x24 /opt/devkitpro/libctru/lib/libctru.a(archive_dev.o)
 .text.archive_translate_error
                0x00100c90       0x50 /opt/devkitpro/libctru/lib/libctru.a(archive_dev.o)
 .text.archive_seek
                0x00100ce0       0xc8 /opt/devkitpro/libctru/lib/libctru.a(archive_dev.o)
 .text._archiveInit.part.0
                0x00100da8       0x7c /opt/devkitpro/libctru/lib/libctru.a(archive_dev.o)
 .text.archiveFindDevice.part.0
                0x00100e24       0xc4 /opt/devkitpro/libctru/lib/libctru.a(archive_dev.o)
 .text.archive_utf16path
                0x00100ee8      0x280 /opt/devkitpro/libctru/lib/libctru.a(archive_dev.o)
 .text._archiveUnmountDeviceStruct.part.0
                0x00101168       0x9c /opt/devkitpro/libctru/lib/libctru.a(archive_dev.o)
 .text.archive_fchmod
                0x00101204       0x14 /opt/devkitpro/libctru/lib/libctru.a(archive_dev.o)
 .text.archive_statvfs
                0x00101218       0x14 /opt/devkitpro/libctru/lib/libctru.a(archive_dev.o)
 .text._archiveMountDevice
                0x0010122c      0x164 /opt/devkitpro/libctru/lib/libctru.a(archive_dev.o)
 .text.archive_diropen
                0x00101390       0xe8 /opt/devkitpro/libctru/lib/libctru.a(archive_dev.o)
 .text.archive_fstat
                0x00101478       0xa4 /opt/devkitpro/libctru/lib/libctru.a(archive_dev.o)
 .text.archive_fsync
                0x0010151c       0x6c /opt/devkitpro/libctru/lib/libctru.a(archive_dev.o)
 .text.archive_close
                0x00101588       0x6c /opt/devkitpro/libctru/lib/libctru.a(archive_dev.o)
 .text.archive_dirclose
                0x001015f4       0x70 /opt/devkitpro/libctru/lib/libctru.a(archive_dev.o)
 .text.sdmc_statvfs
                0x00101664       0xe8 /opt/devkitpro/libctru/lib/libctru.a(archive_dev.o)
 .text.archive_chdir
                0x0010174c       0xec /opt/devkitpro/libctru/lib/libctru.a(archive_dev.o)
 .text.archive_ftruncate
                0x00101838       0x7c /opt/devkitpro/libctru/lib/libctru.a(archive_dev.o)
 .text.archive_read
                0x001018b4       0xac /opt/devkitpro/libctru/lib/libctru.a(archive_dev.o)
 .text.archive_unlink
                0x00101960       0xa4 /opt/devkitpro/libctru/lib/libctru.a(archive_dev.o)
 .text.archive_rmdir
                0x00101a04       0xbc /opt/devkitpro/libctru/lib/libctru.a(archive_dev.o)
 .text.archive_mkdir
                0x00101ac0       0xdc /opt/devkitpro/libctru/lib/libctru.a(archive_dev.o)
 .text.archive_stat
                0x00101b9c      0x194 /opt/devkitpro/libctru/lib/libctru.a(archive_dev.o)
 .text.archive_dirnext
                0x00101d30      0x160 /opt/devkitpro/libctru/lib/libctru.a(archive_dev.o)
 .text.archive_write
                0x00101e90      0x124 /opt/devkitpro/libctru/lib/libctru.a(archive_dev.o)
 .text.archive_open
                0x00101fb4      0x20c /opt/devkitpro/libctru/lib/libctru.a(archive_dev.o)
 .text.archive_rename
                0x001021c0      0x278 /opt/devkitpro/libctru/lib/libctru.a(archive_dev.o)
 .text.archiveMountSdmc
                0x00102438      0x19c /opt/devkitpro/libctru/lib/libctru.a(archive_dev.o)
                0x00102438                archiveMountSdmc
 .text.archiveUnmountAll
                0x001025d4       0x54 /opt/devkitpro/libctru/lib/libctru.a(archive_dev.o)
                0x001025d4                archiveUnmountAll
 .text.envGetHandle
                0x00102628       0x84 /opt/devkitpro/libctru/lib/libctru.a(env.o)
                0x00102628                envGetHandle
 .text.envDestroyHandles
                0x001026ac       0x50 /opt/devkitpro/libctru/lib/libctru.a(env.o)
                0x001026ac                envDestroyHandles
 .text.__ctru_speedup_config
                0x001026fc       0x34 /opt/devkitpro/libctru/lib/libctru.a(os.o)
                0x001026fc                __ctru_speedup_config
 .text.srvInit  0x00102730      0x12c /opt/devkitpro/libctru/lib/libctru.a(srv.o)
                0x00102730                srvInit
 .text.srvExit  0x0010285c       0x58 /opt/devkitpro/libctru/lib/libctru.a(srv.o)
                0x0010285c                srvExit
 .text.srvEnableNotification
                0x001028b4       0x60 /opt/devkitpro/libctru/lib/libctru.a(srv.o)
                0x001028b4                srvEnableNotification
 .text.srvGetServiceHandleDirect
                0x00102914       0xa0 /opt/devkitpro/libctru/lib/libctru.a(srv.o)
                0x00102914                srvGetServiceHandleDirect
 .text.srvGetServiceHandle
                0x001029b4       0x38 /opt/devkitpro/libctru/lib/libctru.a(srv.o)
                0x001029b4                srvGetServiceHandle
 .text.srvSubscribe
                0x001029ec       0x34 /opt/devkitpro/libctru/lib/libctru.a(srv.o)
                0x001029ec                srvSubscribe
 .text.srvReceiveNotification
                0x00102a20       0x60 /opt/devkitpro/libctru/lib/libctru.a(srv.o)
                0x00102a20                srvReceiveNotification
 .text.srvPublishToSubscriber
                0x00102a80       0x38 /opt/devkitpro/libctru/lib/libctru.a(srv.o)
                0x00102a80                srvPublishToSubscriber
 .text.__sync_init
                0x00102ab8        0xc /opt/devkitpro/libctru/lib/libctru.a(synchronization.o)
                0x00102ab8                __sync_init
 .text.__sync_fini
                0x00102ac4       0x18 /opt/devkitpro/libctru/lib/libctru.a(synchronization.o)
                0x00102ac4                __sync_fini
 .text.LightLock_Lock
                0x00102adc       0xac /opt/devkitpro/libctru/lib/libctru.a(synchronization.o)
                0x00102adc                LightLock_Lock
 .text.RecursiveLock_Lock
                0x00102b88       0x30 /opt/devkitpro/libctru/lib/libctru.a(synchronization.o)
                0x00102b88                RecursiveLock_Lock
 .text.RecursiveLock_Unlock
                0x00102bb8       0x54 /opt/devkitpro/libctru/lib/libctru.a(synchronization.o)
                0x00102bb8                RecursiveLock_Unlock
 .text.LightEvent_Init
                0x00102c0c       0x40 /opt/devkitpro/libctru/lib/libctru.a(synchronization.o)
                0x00102c0c                LightEvent_Init
 .text.LightEvent_Clear
                0x00102c4c       0xa4 /opt/devkitpro/libctru/lib/libctru.a(synchronization.o)
                0x00102c4c                LightEvent_Clear
 .text.LightEvent_Signal
                0x00102cf0       0xc8 /opt/devkitpro/libctru/lib/libctru.a(synchronization.o)
                0x00102cf0                LightEvent_Signal
 .text.LightEvent_TryWait
                0x00102db8       0x50 /opt/devkitpro/libctru/lib/libctru.a(synchronization.o)
                0x00102db8                LightEvent_TryWait
 .text.LightEvent_Wait
                0x00102e08       0xa0 /opt/devkitpro/libctru/lib/libctru.a(synchronization.o)
                0x00102e08                LightEvent_Wait
 .text.threadCreate
                0x00102ea8      0x1d8 /opt/devkitpro/libctru/lib/libctru.a(thread.o)
                0x00102ea8                threadCreate
 .text.threadFree
                0x00103080       0x2c /opt/devkitpro/libctru/lib/libctru.a(thread.o)
                0x00103080                threadFree
 .text.threadJoin
                0x001030ac       0x24 /opt/devkitpro/libctru/lib/libctru.a(thread.o)
                0x001030ac                threadJoin
 .text.threadGetCurrent
                0x001030d0       0x30 /opt/devkitpro/libctru/lib/libctru.a(thread.o)
                0x001030d0                threadGetCurrent
 .text.threadExit
                0x00103100       0x40 /opt/devkitpro/libctru/lib/libctru.a(thread.o)
                0x00103100                threadExit
 .text._thread_begin
                0x00103140       0x20 /opt/devkitpro/libctru/lib/libctru.a(thread.o)
 .text.aptDspSleep
                0x00103160        0x8 /opt/devkitpro/libctru/lib/libctru.a(apt.o)
                0x00103160                aptDspSleep
 .text.aptDspWakeup
                0x00103168        0x4 /opt/devkitpro/libctru/lib/libctru.a(apt.o)
                0x00103168                aptDspWakeup
 .text.aptDspCancel
                0x0010316c        0x4 /opt/devkitpro/libctru/lib/libctru.a(apt.o)
                0x0010316c                aptDspCancel
 .text.aptSendCommand
                0x00103170      0x158 /opt/devkitpro/libctru/lib/libctru.a(apt.o)
                0x00103170                aptSendCommand
 .text.aptExitProcess
                0x001032c8       0x44 /opt/devkitpro/libctru/lib/libctru.a(apt.o)
 .text.aptExit  0x0010330c      0x38c /opt/devkitpro/libctru/lib/libctru.a(apt.o)
                0x0010330c                aptExit
 .text.APT_SleepIfShellClosed
                0x00103698       0x84 /opt/devkitpro/libctru/lib/libctru.a(apt.o)
                0x00103698                APT_SleepIfShellClosed
 .text.APT_UnlockTransition
                0x0010371c       0x84 /opt/devkitpro/libctru/lib/libctru.a(apt.o)
                0x0010371c                APT_UnlockTransition
 .text.aptEventHandler
                0x001037a0      0x4a4 /opt/devkitpro/libctru/lib/libctru.a(apt.o)
 .text.APT_ReceiveParameter
                0x00103c44       0xb0 /opt/devkitpro/libctru/lib/libctru.a(apt.o)
                0x00103c44                APT_ReceiveParameter
 .text.aptReceiveParameter.constprop.0
                0x00103cf4       0xac /opt/devkitpro/libctru/lib/libctru.a(apt.o)
 .text.aptWaitForWakeUp.isra.0
                0x00103da0      0x320 /opt/devkitpro/libctru/lib/libctru.a(apt.o)
 .text.aptInit  0x001040c0      0x22c /opt/devkitpro/libctru/lib/libctru.a(apt.o)
                0x001040c0                aptInit
 .text.APT_CheckNew3DS
                0x001042ec       0x7c /opt/devkitpro/libctru/lib/libctru.a(apt.o)
                0x001042ec                APT_CheckNew3DS
 .text.fsInit   0x00104368       0xcc /opt/devkitpro/libctru/lib/libctru.a(fs.o)
                0x00104368                fsInit
 .text.fsExit   0x00104434       0x3c /opt/devkitpro/libctru/lib/libctru.a(fs.o)
                0x00104434                fsExit
 .text.fsExemptFromSession
                0x00104470       0x60 /opt/devkitpro/libctru/lib/libctru.a(fs.o)
                0x00104470                fsExemptFromSession
 .text.fsUnexemptFromSession
                0x001044d0       0x50 /opt/devkitpro/libctru/lib/libctru.a(fs.o)
                0x001044d0                fsUnexemptFromSession
 .text.FSUSER_OpenFile
                0x00104520       0xcc /opt/devkitpro/libctru/lib/libctru.a(fs.o)
                0x00104520                FSUSER_OpenFile
 .text.FSUSER_DeleteFile
                0x001045ec       0xbc /opt/devkitpro/libctru/lib/libctru.a(fs.o)
                0x001045ec                FSUSER_DeleteFile
 .text.FSUSER_RenameFile
                0x001046a8       0xf8 /opt/devkitpro/libctru/lib/libctru.a(fs.o)
                0x001046a8                FSUSER_RenameFile
 .text.FSUSER_DeleteDirectory
                0x001047a0       0xbc /opt/devkitpro/libctru/lib/libctru.a(fs.o)
                0x001047a0                FSUSER_DeleteDirectory
 .text.FSUSER_CreateFile
                0x0010485c       0xd4 /opt/devkitpro/libctru/lib/libctru.a(fs.o)
                0x0010485c                FSUSER_CreateFile
 .text.FSUSER_CreateDirectory
                0x00104930       0xc4 /opt/devkitpro/libctru/lib/libctru.a(fs.o)
                0x00104930                FSUSER_CreateDirectory
 .text.FSUSER_RenameDirectory
                0x001049f4       0xf8 /opt/devkitpro/libctru/lib/libctru.a(fs.o)
                0x001049f4                FSUSER_RenameDirectory
 .text.FSUSER_OpenDirectory
                0x00104aec       0xb4 /opt/devkitpro/libctru/lib/libctru.a(fs.o)
                0x00104aec                FSUSER_OpenDirectory
 .text.FSUSER_OpenArchive
                0x00104ba0       0x94 /opt/devkitpro/libctru/lib/libctru.a(fs.o)
                0x00104ba0                FSUSER_OpenArchive
 .text.FSUSER_CloseArchive
                0x00104c34       0x8c /opt/devkitpro/libctru/lib/libctru.a(fs.o)
                0x00104c34                FSUSER_CloseArchive
 .text.FSUSER_GetSdmcArchiveResource
                0x00104cc0       0x74 /opt/devkitpro/libctru/lib/libctru.a(fs.o)
                0x00104cc0                FSUSER_GetSdmcArchiveResource
 .text.FSUSER_IsSdmcWritable
                0x00104d34       0x64 /opt/devkitpro/libctru/lib/libctru.a(fs.o)
                0x00104d34                FSUSER_IsSdmcWritable
 .text.FSFILE_Read
                0x00104d98       0x58 /opt/devkitpro/libctru/lib/libctru.a(fs.o)
                0x00104d98                FSFILE_Read
 .text.FSFILE_Write
                0x00104df0       0x60 /opt/devkitpro/libctru/lib/libctru.a(fs.o)
                0x00104df0                FSFILE_Write
 .text.FSFILE_GetSize
                0x00104e50       0x38 /opt/devkitpro/libctru/lib/libctru.a(fs.o)
                0x00104e50                FSFILE_GetSize
 .text.FSFILE_SetSize
                0x00104e88       0x28 /opt/devkitpro/libctru/lib/libctru.a(fs.o)
                0x00104e88                FSFILE_SetSize
 .text.FSFILE_Close
                0x00104eb0       0x3c /opt/devkitpro/libctru/lib/libctru.a(fs.o)
                0x00104eb0                FSFILE_Close
 .text.FSFILE_Flush
                0x00104eec       0x24 /opt/devkitpro/libctru/lib/libctru.a(fs.o)
                0x00104eec                FSFILE_Flush
 .text.FSDIR_Read
                0x00104f10       0x50 /opt/devkitpro/libctru/lib/libctru.a(fs.o)
                0x00104f10                FSDIR_Read
 .text.FSDIR_Close
                0x00104f60       0x3c /opt/devkitpro/libctru/lib/libctru.a(fs.o)
                0x00104f60                FSDIR_Close
 .text.GSPGPU_AcquireRight
                0x00104f9c       0x68 /opt/devkitpro/libctru/lib/libctru.a(gspgpu.o)
                0x00104f9c                GSPGPU_AcquireRight
 .text.GSPGPU_RestoreVramSysArea
                0x00105004       0x2c /opt/devkitpro/libctru/lib/libctru.a(gspgpu.o)
                0x00105004                GSPGPU_RestoreVramSysArea
 .text.hidShouldUseIrrst
                0x00105030       0x24 /opt/devkitpro/libctru/lib/libctru.a(hid.o)
                0x00105030                hidShouldUseIrrst
 .text.hidInit  0x00105054      0x18c /opt/devkitpro/libctru/lib/libctru.a(hid.o)
                0x00105054                hidInit
 .text.hidExit  0x001051e0       0xe8 /opt/devkitpro/libctru/lib/libctru.a(hid.o)
                0x001051e0                hidExit
 .text.irrstInit
                0x001052c8      0x160 /opt/devkitpro/libctru/lib/libctru.a(irrst.o)
                0x001052c8                irrstInit
 .text.irrstExit
                0x00105428       0xcc /opt/devkitpro/libctru/lib/libctru.a(irrst.o)
                0x00105428                irrstExit
 .text.ptmSysmInit
                0x001054f4       0x74 /opt/devkitpro/libctru/lib/libctru.a(ptmsysm.o)
                0x001054f4                ptmSysmInit
 .text.ptmSysmExit
                0x00105568       0x3c /opt/devkitpro/libctru/lib/libctru.a(ptmsysm.o)
                0x00105568                ptmSysmExit
 .text.PTMSYSM_ConfigureNew3DSCPU
                0x001055a4       0x34 /opt/devkitpro/libctru/lib/libctru.a(ptmsysm.o)
                0x001055a4                PTMSYSM_ConfigureNew3DSCPU
 .text.srvPmGetSessionHandle
                0x001055d8        0xc /opt/devkitpro/libctru/lib/libctru.a(srvpm.o)
                0x001055d8                srvPmGetSessionHandle
 .text.decode_utf8
                0x001055e4      0x13c /opt/devkitpro/libctru/lib/libctru.a(decode_utf8.o)
                0x001055e4                decode_utf8
 .text.utf16_to_utf8
                0x00105720       0xe8 /opt/devkitpro/libctru/lib/libctru.a(utf16_to_utf8.o)
                0x00105720                utf16_to_utf8
 .text.utf8_to_utf16
                0x00105808       0xc0 /opt/devkitpro/libctru/lib/libctru.a(utf8_to_utf16.o)
                0x00105808                utf8_to_utf16
 .text.__system_allocateHeaps
                0x001058c8      0x1e0 /opt/devkitpro/libctru/lib/libctru.a(allocateHeaps.o)
                0x001058c8                __system_allocateHeaps
 .text.__aeabi_read_tp
                0x00105aa8        0xc /opt/devkitpro/libctru/lib/libctru.a(readtp.o)
                0x00105aa8                __aeabi_read_tp
 .text.mappableFindAddressWithin
                0x00105ab4       0xb4 /opt/devkitpro/libctru/lib/libctru.a(mappable.o)
 .text.mappableInit
                0x00105b68       0x28 /opt/devkitpro/libctru/lib/libctru.a(mappable.o)
                0x00105b68                mappableInit
 .text.mappableAlloc
                0x00105b90       0x80 /opt/devkitpro/libctru/lib/libctru.a(mappable.o)
                0x00105b90                mappableAlloc
 .text.mappableFree
                0x00105c10        0x4 /opt/devkitpro/libctru/lib/libctru.a(mappable.o)
                0x00105c10                mappableFree
 .text.decode_utf16
                0x00105c14       0x64 /opt/devkitpro/libctru/lib/libctru.a(decode_utf16.o)
                0x00105c14                decode_utf16
 .text.encode_utf16
                0x00105c78       0x54 /opt/devkitpro/libctru/lib/libctru.a(encode_utf16.o)
                0x00105c78                encode_utf16
 .text.encode_utf8
                0x00105ccc       0xe0 /opt/devkitpro/libctru/lib/libctru.a(encode_utf8.o)
                0x00105ccc                encode_utf8
 .text.strncmp  0x00105dac       0xd8 /opt/devkitpro/devkitARM/bin/../lib/gcc/arm-none-eabi/14.1.0/../../../../arm-none-eabi/lib/armv6k/fpu/libg.a(libc_a-strncmp.o)
                0x00105dac                strncmp
 .text.strlen   0x00105e84       0x5c /opt/devkitpro/devkitARM/bin/../lib/gcc/arm-none-eabi/14.1.0/../../../../arm-none-eabi/lib/armv6k/fpu/libg.a(libc_a-strlen-stub.o)
                0x00105e84                strlen
 .text._strtoul_l.isra.0
                0x00105ee0      0x1e4 /opt/devkitpro/devkitARM/bin/../lib/gcc/arm-none-eabi/14.1.0/../../../../arm-none-eabi/lib/armv6k/fpu/libg.a(libc_a-strtoul.o)
 .text.strtoul  0x001060c4       0x34 /opt/devkitpro/devkitARM/bin/../lib/gcc/arm-none-eabi/14.1.0/../../../../arm-none-eabi/lib/armv6k/fpu/libg.a(libc_a-strtoul.o)
                0x001060c4                strtoul
 .text.strncat  0x001060f8       0xe4 /opt/devkitpro/devkitARM/bin/../lib/gcc/arm-none-eabi/14.1.0/../../../../arm-none-eabi/lib/armv6k/fpu/libg.a(libc_a-strncat.o)
                0x001060f8                strncat
 .text.bsearch  0x001061dc       0x78 /opt/devkitpro/devkitARM/bin/../lib/gcc/arm-none-eabi/14.1.0/../../../../arm-none-eabi/lib/armv6k/fpu/libg.a(libc_a-bsearch.o)
                0x001061dc                bsearch
 .text.memalign
                0x00106254       0x20 /opt/devkitpro/devkitARM/bin/../lib/gcc/arm-none-eabi/14.1.0/../../../../arm-none-eabi/lib/armv6k/fpu/libg.a(libc_a-malign.o)
                0x00106254                memalign
 .text._malloc_r
                0x00106274      0x7e8 /opt/devkitpro/devkitARM/bin/../lib/gcc/arm-none-eabi/14.1.0/../../../../arm-none-eabi/lib/armv6k/fpu/libg.a(libc_a-mallocr.o)
                0x00106274                _malloc_r
 .text._malloc_trim_r
                0x00106a5c       0xf8 /opt/devkitpro/devkitARM/bin/../lib/gcc/arm-none-eabi/14.1.0/../../../../arm-none-eabi/lib/armv6k/fpu/libg.a(libc_a-freer.o)
                0x00106a5c                _malloc_trim_r
 .text._free_r  0x00106b54      0x300 /opt/devkitpro/devkitARM/bin/../lib/gcc/arm-none-eabi/14.1.0/../../../../arm-none-eabi/lib/armv6k/fpu/libg.a(libc_a-freer.o)
                0x00106b54                _free_r
 .text.strnlen  0x00106e54       0x4c /opt/devkitpro/devkitARM/bin/../lib/gcc/arm-none-eabi/14.1.0/../../../../arm-none-eabi/lib/armv6k/fpu/libg.a(libc_a-strnlen.o)
                0x00106e54                strnlen
 .text.malloc   0x00106ea0       0x34 /opt/devkitpro/devkitARM/bin/../lib/gcc/arm-none-eabi/14.1.0/../../../../arm-none-eabi/lib/armv6k/fpu/libg.a(libc_a-malloc.o)
                0x00106ea0                malloc
 .text.free     0x00106ed4       0x18 /opt/devkitpro/devkitARM/bin/../lib/gcc/arm-none-eabi/14.1.0/../../../../arm-none-eabi/lib/armv6k/fpu/libg.a(libc_a-malloc.o)
                0x00106ed4                free
 .text.memcpy   0x00106eec      0x130 /opt/devkitpro/devkitARM/bin/../lib/gcc/arm-none-eabi/14.1.0/../../../../arm-none-eabi/lib/armv6k/fpu/libg.a(libc_a-memcpy-stub.o)
                0x00106eec                memcpy
 .text.memset   0x0010701c       0xe8 /opt/devkitpro/devkitARM/bin/../lib/gcc/arm-none-eabi/14.1.0/../../../../arm-none-eabi/lib/armv6k/fpu/libg.a(libc_a-memset.o)
                0x0010701c                memset
 .text.__malloc_lock
                0x00107104        0xc /opt/devkitpro/devkitARM/bin/../lib/gcc/arm-none-eabi/14.1.0/../../../../arm-none-eabi/lib/armv6k/fpu/libg.a(libc_a-mlock.o)
                0x00107104                __malloc_lock
 .text.__malloc_unlock
                0x00107110        0xc /opt/devkitpro/devkitARM/bin/../lib/gcc/arm-none-eabi/14.1.0/../../../../arm-none-eabi/lib/armv6k/fpu/libg.a(libc_a-mlock.o)
                0x00107110                __malloc_unlock
 .text.__call_exitprocs
                0x0010711c        0x4 /opt/devkitpro/devkitARM/bin/../lib/gcc/arm-none-eabi/14.1.0/../../../../arm-none-eabi/lib/armv6k/fpu/libg.a(libc_a-exit.o)
                0x0010711c                __call_exitprocs
 .text.exit     0x00107120       0x30 /opt/devkitpro/devkitARM/bin/../lib/gcc/arm-none-eabi/14.1.0/../../../../arm-none-eabi/lib/armv6k/fpu/libg.a(libc_a-exit.o)
                0x00107120                exit
 .text.strncpy  0x00107150       0xc4 /opt/devkitpro/devkitARM/bin/../lib/gcc/arm-none-eabi/14.1.0/../../../../arm-none-eabi/lib/armv6k/fpu/libg.a(libc_a-strncpy.o)
                0x00107150                strncpy
 .text.__libc_init_array
                0x00107214       0x84 /opt/devkitpro/devkitARM/bin/../lib/gcc/arm-none-eabi/14.1.0/../../../../arm-none-eabi/lib/armv6k/fpu/libg.a(libc_a-init.o)
                0x00107214                __libc_init_array
 .text._memalign_r
                0x00107298      0x150 /opt/devkitpro/devkitARM/bin/../lib/gcc/arm-none-eabi/14.1.0/../../../../arm-none-eabi/lib/armv6k/fpu/libg.a(libc_a-malignr.o)
                0x00107298                _memalign_r
 .text.__libc_fini_array
                0x001073e8       0x3c /opt/devkitpro/devkitARM/bin/../lib/gcc/arm-none-eabi/14.1.0/../../../../arm-none-eabi/lib/armv6k/fpu/libg.a(libc_a-fini.o)
                0x001073e8                __libc_fini_array
 .text._exit    0x00107424       0x20 /opt/devkitpro/devkitARM/bin/../lib/gcc/arm-none-eabi/14.1.0/../../../../arm-none-eabi/lib/armv6k/fpu/libsysbase.a(libsysbase_libsysbase_a-_exit.o)
                0x00107424                _exit
 .text.chdir    0x00107444      0x13c /opt/devkitpro/devkitARM/bin/../lib/gcc/arm-none-eabi/14.1.0/../../../../arm-none-eabi/lib/armv6k/fpu/libsysbase.a(libsysbase_libsysbase_a-chdir.o)
                0x00107444                chdir
 .text._concatenate_path
                0x00107580      0x1cc /opt/devkitpro/devkitARM/bin/../lib/gcc/arm-none-eabi/14.1.0/../../../../arm-none-eabi/lib/armv6k/fpu/libsysbase.a(libsysbase_libsysbase_a-concatenate.o)
                0x00107580                _concatenate_path
 .text.__getreent
                0x0010774c       0x2c /opt/devkitpro/devkitARM/bin/../lib/gcc/arm-none-eabi/14.1.0/../../../../arm-none-eabi/lib/armv6k/fpu/libsysbase.a(libsysbase_libsysbase_a-getreent.o)
                0x0010774c                __getreent
 .text.null_write
                0x00107778        0x8 /opt/devkitpro/devkitARM/bin/../lib/gcc/arm-none-eabi/14.1.0/../../../../arm-none-eabi/lib/armv6k/fpu/libsysbase.a(libsysbase_libsysbase_a-iosupport.o)
 .text.setDefaultDevice
                0x00107780       0x18 /opt/devkitpro/devkitARM/bin/../lib/gcc/arm-none-eabi/14.1.0/../../../../arm-none-eabi/lib/armv6k/fpu/libsysbase.a(libsysbase_libsysbase_a-iosupport.o)
                0x00107780                setDefaultDevice
 .text.FindDevice
                0x00107798       0xc8 /opt/devkitpro/devkitARM/bin/../lib/gcc/arm-none-eabi/14.1.0/../../../../arm-none-eabi/lib/armv6k/fpu/libsysbase.a(libsysbase_libsysbase_a-iosupport.o)
                0x00107798                FindDevice
 .text.RemoveDevice
                0x00107860       0x28 /opt/devkitpro/devkitARM/bin/../lib/gcc/arm-none-eabi/14.1.0/../../../../arm-none-eabi/lib/armv6k/fpu/libsysbase.a(libsysbase_libsysbase_a-iosupport.o)
                0x00107860                RemoveDevice
 .text.AddDevice
                0x00107888       0x98 /opt/devkitpro/devkitARM/bin/../lib/gcc/arm-none-eabi/14.1.0/../../../../arm-none-eabi/lib/armv6k/fpu/libsysbase.a(libsysbase_libsysbase_a-iosupport.o)
                0x00107888                AddDevice
 .text.GetDeviceOpTab
                0x00107920       0x20 /opt/devkitpro/devkitARM/bin/../lib/gcc/arm-none-eabi/14.1.0/../../../../arm-none-eabi/lib/armv6k/fpu/libsysbase.a(libsysbase_libsysbase_a-iosupport.o)
                0x00107920                GetDeviceOpTab
 .text._sbrk_r  0x00107940       0x78 /opt/devkitpro/devkitARM/bin/../lib/gcc/arm-none-eabi/14.1.0/../../../../arm-none-eabi/lib/armv6k/fpu/libsysbase.a(libsysbase_libsysbase_a-sbrk.o)
                0x00107940                _sbrk_r
 .text.__libc_lock_acquire_recursive
                0x001079b8       0x1c /opt/devkitpro/devkitARM/bin/../lib/gcc/arm-none-eabi/14.1.0/../../../../arm-none-eabi/lib/armv6k/fpu/libsysbase.a(libsysbase_libsysbase_a-syscall_support.o)
                0x001079b8                __libc_lock_acquire_recursive
 .text.__libc_lock_release_recursive
                0x001079d4       0x1c /opt/devkitpro/devkitARM/bin/../lib/gcc/arm-none-eabi/14.1.0/../../../../arm-none-eabi/lib/armv6k/fpu/libsysbase.a(libsysbase_libsysbase_a-syscall_support.o)
                0x001079d4                __libc_lock_release_recursive
 .text.strchr   0x001079f0      0x130 /opt/devkitpro/devkitARM/bin/../lib/gcc/arm-none-eabi/14.1.0/../../../../arm-none-eabi/lib/armv6k/fpu/libg.a(libc_a-strchr.o)
                0x001079f0                strchr
 .text.strrchr  0x00107b20       0x48 /opt/devkitpro/devkitARM/bin/../lib/gcc/arm-none-eabi/14.1.0/../../../../arm-none-eabi/lib/armv6k/fpu/libg.a(libc_a-strrchr.o)
                0x00107b20                strrchr
 *(.glue_7)
 .glue_7        0x00107b68        0x0 linker stubs
 *(.glue_7t)
 .glue_7t       0x00107b68        0x0 linker stubs
 *(.stub)
 *(.gnu.warning)
 *(.gnu.linkonce.t*)
                0x00107b68                        . = ALIGN (0x4)
 *(.fini)
 .fini          0x00107b68        0xc /opt/devkitpro/devkitARM/bin/../lib/gcc/arm-none-eabi/14.1.0/armv6k/fpu/crti.o
                0x00107b68                _fini
 .fini          0x00107b74        0xc /opt/devkitpro/devkitARM/bin/../lib/gcc/arm-none-eabi/14.1.0/armv6k/fpu/crtn.o
                0x00107b80                        . = ALIGN (0x4)

.vfp11_veneer   0x00107b80        0x0
 .vfp11_veneer  0x00107b80        0x0 linker stubs

.v4_bx          0x00107b80        0x0
 .v4_bx         0x00107b80        0x0 linker stubs

.iplt           0x00107b80        0x0
 .iplt          0x00107b80        0x0 /opt/devkitpro/devkitARM/bin/../lib/gcc/arm-none-eabi/14.1.0/../../../../arm-none-eabi/lib/armv6k/fpu/3dsx_crt0.o
                0x00108000                        . = ALIGN (0x1000)

.rodata         0x00108000      0x2cc
 *(.rodata)
 .rodata        0x00108000        0xc /opt/devkitpro/libctru/lib/libctru.a(archive_dev.o)
 *(.roda)
 *(.rodata.*)
 .rodata.__system_initArgv.str1.4
                0x0010800c       0x7d /opt/devkitpro/libctru/lib/libctru.a(initArgv.o)
                                  0xa (size before relaxing)
 .rodata.archive_utf16path.str1.4
                0x00108089        0x2 /opt/devkitpro/libctru/lib/libctru.a(archive_dev.o)
 .rodata._archiveUnmountDeviceStruct.part.0.str1.4
                0x00108089        0x2 /opt/devkitpro/libctru/lib/libctru.a(archive_dev.o)
 .rodata._archiveMountDevice.str1.4
                0x00108089        0xc /opt/devkitpro/libctru/lib/libctru.a(archive_dev.o)
 .rodata.archiveMountSdmc.str1.4
                0x00108089        0x5 /opt/devkitpro/libctru/lib/libctru.a(archive_dev.o)
 *fill*         0x00108089        0x3 
 .rodata.error_table
                0x0010808c       0x30 /opt/devkitpro/libctru/lib/libctru.a(archive_dev.o)
 .rodata.str1.4
                0x001080bc        0x8 /opt/devkitpro/libctru/lib/libctru.a(archive_dev.o)
 .rodata.archive_devoptab
                0x001080bc       0x80 /opt/devkitpro/libctru/lib/libctru.a(archive_dev.o)
 .rodata.srvInit.str1.4
                0x0010813c        0x5 /opt/devkitpro/libctru/lib/libctru.a(srv.o)
 .rodata.aptSendCommand.str1.4
                0x0010813c       0x16 /opt/devkitpro/libctru/lib/libctru.a(apt.o)
 .rodata.s_sleepWakeEvents.4
                0x0010813c        0x8 /opt/devkitpro/libctru/lib/libctru.a(apt.o)
 .rodata.fsInit.str1.4
                0x00108144        0x8 /opt/devkitpro/libctru/lib/libctru.a(fs.o)
 .rodata.hidInit.str1.4
                0x00108144       0x15 /opt/devkitpro/libctru/lib/libctru.a(hid.o)
 .rodata.irrstInit.str1.4
                0x00108144        0x7 /opt/devkitpro/libctru/lib/libctru.a(irrst.o)
 .rodata.ptmSysmInit.str1.4
                0x00108144        0x9 /opt/devkitpro/libctru/lib/libctru.a(ptmsysm.o)
 .rodata._ctype_
                0x00108144      0x101 /opt/devkitpro/devkitARM/bin/../lib/gcc/arm-none-eabi/14.1.0/../../../../arm-none-eabi/lib/armv6k/fpu/libg.a(libc_a-ctype_.o)
                0x00108144                _ctype_
 .rodata.AddDevice.str1.4
                0x00108245        0x8 /opt/devkitpro/devkitARM/bin/../lib/gcc/arm-none-eabi/14.1.0/../../../../arm-none-eabi/lib/armv6k/fpu/libsysbase.a(libsysbase_libsysbase_a-iosupport.o)
 *fill*         0x00108245        0x3 
 .rodata.dotab_stdnull
                0x00108248       0x80 /opt/devkitpro/devkitARM/bin/../lib/gcc/arm-none-eabi/14.1.0/../../../../arm-none-eabi/lib/armv6k/fpu/libsysbase.a(libsysbase_libsysbase_a-iosupport.o)
                0x00108248                dotab_stdnull
 *all.rodata*(*)
 *(.gnu.linkonce.r*)
                0x001082c8                        . = ALIGN (0x4)
                0x001082c8                        __tdata_align = .
                0x001082c8        0x4 LONG 0x4 ALIGNOF (.tdata)
                0x001082cc                        . = ALIGN (0x4)

.eh_frame       0x001082cc        0x0
 .eh_frame      0x001082cc        0x0 /opt/devkitpro/devkitARM/bin/../lib/gcc/arm-none-eabi/14.1.0/armv6k/fpu/crtbegin.o

.rel.dyn        0x001082cc        0x0
 .rel.iplt      0x001082cc        0x0 /opt/devkitpro/devkitARM/bin/../lib/gcc/arm-none-eabi/14.1.0/../../../../arm-none-eabi/lib/armv6k/fpu/3dsx_crt0.o
 .rel.got       0x001082cc        0x0 /opt/devkitpro/devkitARM/bin/../lib/gcc/arm-none-eabi/14.1.0/../../../../arm-none-eabi/lib/armv6k/fpu/3dsx_crt0.o

.ARM.extab
 *(.ARM.extab* .gnu.linkonce.armextab.*)
                0x001082cc                        __exidx_start = .

.ARM.exidx
 *(.ARM.exidx* .gnu.linkonce.armexidx.*)
                0x001082cc                        __exidx_end = .
                0x00109000                        . = ALIGN (0x1000)

.data           0x00109000      0x9d0
 *(.data)
 *(.data.*)
 .data.__stacksize__
                0x00109000        0x4 /opt/devkitpro/libctru/lib/libctru.a(stack_adjust.o)
                0x00109000                __stacksize__
 .data.aptChainloadDeliverArgSize
                0x00109004        0x4 /opt/devkitpro/libctru/lib/libctru.a(apt.o)
 .data._impure_ptr
                0x00109008        0x4 /opt/devkitpro/devkitARM/bin/../lib/gcc/arm-none-eabi/14.1.0/../../../../arm-none-eabi/lib/armv6k/fpu/libg.a(libc_a-impure.o)
                0x00109008                _impure_ptr
 *fill*         0x0010900c        0x4 
 .data._impure_data
                0x00109010      0x120 /opt/devkitpro/devkitARM/bin/../lib/gcc/arm-none-eabi/14.1.0/../../../../arm-none-eabi/lib/armv6k/fpu/libg.a(libc_a-impure.o)
                0x00109010                _impure_data
 .data.__malloc_sbrk_base
                0x00109130        0x4 /opt/devkitpro/devkitARM/bin/../lib/gcc/arm-none-eabi/14.1.0/../../../../arm-none-eabi/lib/armv6k/fpu/libg.a(libc_a-mallocr.o)
                0x00109130                __malloc_sbrk_base
 .data.__malloc_trim_threshold
                0x00109134        0x4 /opt/devkitpro/devkitARM/bin/../lib/gcc/arm-none-eabi/14.1.0/../../../../arm-none-eabi/lib/armv6k/fpu/libg.a(libc_a-mallocr.o)
                0x00109134                __malloc_trim_threshold
 .data.__malloc_av_
                0x00109138      0x408 /opt/devkitpro/devkitARM/bin/../lib/gcc/arm-none-eabi/14.1.0/../../../../arm-none-eabi/lib/armv6k/fpu/libg.a(libc_a-mallocr.o)
                0x00109138                __malloc_av_
 .data._current_working_directory
                0x00109540      0x400 /opt/devkitpro/devkitARM/bin/../lib/gcc/arm-none-eabi/14.1.0/../../../../arm-none-eabi/lib/armv6k/fpu/libsysbase.a(libsysbase_libsysbase_a-chdir.o)
 .data.devoptab_list
                0x00109940       0x8c /opt/devkitpro/devkitARM/bin/../lib/gcc/arm-none-eabi/14.1.0/../../../../arm-none-eabi/lib/armv6k/fpu/libsysbase.a(libsysbase_libsysbase_a-iosupport.o)
                0x00109940                devoptab_list
 .data.defaultDevice
                0x001099cc        0x4 /opt/devkitpro/devkitARM/bin/../lib/gcc/arm-none-eabi/14.1.0/../../../../arm-none-eabi/lib/armv6k/fpu/libsysbase.a(libsysbase_libsysbase_a-iosupport.o)
 *(.gnu.linkonce.d*)
                0x001099d0                        . = ALIGN (0x4)

.igot.plt       0x001099d0        0x0
 .igot.plt      0x001099d0        0x0 /opt/devkitpro/devkitARM/bin/../lib/gcc/arm-none-eabi/14.1.0/../../../../arm-none-eabi/lib/armv6k/fpu/3dsx_crt0.o

.got            0x001099d0        0x8
 .got           0x001099d0        0x8 /opt/devkitpro/devkitARM/bin/../lib/gcc/arm-none-eabi/14.1.0/../../../../arm-none-eabi/lib/armv6k/fpu/3dsx_crt0.o

.got.plt        0x001099d8        0xc
 .got.plt       0x001099d8        0xc /opt/devkitpro/devkitARM/bin/../lib/gcc/arm-none-eabi/14.1.0/../../../../arm-none-eabi/lib/armv6k/fpu/3dsx_crt0.o
                0x001099d8                _GLOBAL_OFFSET_TABLE_

.tdata          0x001099e4        0x0
                0x001099e4                        __tdata_lma = .
 *(.tdata)
 *(.tdata.*)
 *(.gnu.linkonce.td.*)
                0x001099e4                        . = ALIGN (0x4)
                0x001099e4                        __tdata_lma_end = .

.tbss           0x001099e4      0xc08
 *(.tbss)
 *(.tbss.*)
 .tbss.__ctru_dev_utf16_buf
                0x001099e4      0x802 /opt/devkitpro/libctru/lib/libctru.a(path_buf.o)
                0x001099e4                __ctru_dev_utf16_buf
 *fill*         0x0010a1e6        0x2 
 .tbss.__ctru_dev_path_buf
                0x0010a1e8      0x401 /opt/devkitpro/libctru/lib/libctru.a(path_buf.o)
                0x0010a1e8                __ctru_dev_path_buf
 *(.gnu.linkonce.tb.*)
 *(.tcommon)
                0x0010a5ec                        . = ALIGN (0x4)
 *fill*         0x0010a5e9        0x3 

.preinit_array  0x001099e4        0x0
                0x001099e4                        PROVIDE (__preinit_array_start = .)
 *(.preinit_array)
                0x001099e4                        PROVIDE (__preinit_array_end = .)

.init_array     0x001099e4        0x4
                0x001099e4                        PROVIDE (__init_array_start = .)
 *(SORT_BY_NAME(.init_array.*))
 *(.init_array)
 .init_array    0x001099e4        0x4 /opt/devkitpro/devkitARM/bin/../lib/gcc/arm-none-eabi/14.1.0/armv6k/fpu/crtbegin.o
                0x001099e8                        PROVIDE (__init_array_end = .)

.fini_array     0x001099e8        0x4
                0x001099e8                        PROVIDE (__fini_array_start = .)
 *(.fini_array)
 .fini_array    0x001099e8        0x4 /opt/devkitpro/devkitARM/bin/../lib/gcc/arm-none-eabi/14.1.0/armv6k/fpu/crtbegin.o
 *(SORT_BY_NAME(.fini_array.*))
                0x001099ec                        PROVIDE (__fini_array_end = .)

.ctors
 *crtbegin.o(.ctors)
 *(EXCLUDE_FILE(*crtend.o) .ctors)
 *(SORT_BY_NAME(.ctors.*))
 *(.ctors)

.dtors
 *crtbegin.o(.dtors)
 *(EXCLUDE_FILE(*crtend.o) .dtors)
 *(SORT_BY_NAME(.dtors.*))
 *(.dtors)
                0x001099ec                        __bss_start__ = .

.bss            0x001099ec     0x2c4c
 *(.dynbss)
 *(.bss)
 *(.bss.*)
 .bss.completed.1
                0x001099ec        0x1 /opt/devkitpro/devkitARM/bin/../lib/gcc/arm-none-eabi/14.1.0/armv6k/fpu/crtbegin.o
 *fill*         0x001099ed        0x3 
 .bss.object.0  0x001099f0       0x18 /opt/devkitpro/devkitARM/bin/../lib/gcc/arm-none-eabi/14.1.0/armv6k/fpu/crtbegin.o
 .bss.__system_argv
                0x00109a08        0x4 /opt/devkitpro/libctru/lib/libctru.a(initArgv.o)
                0x00109a08                __system_argv
 .bss.__system_argc
                0x00109a0c        0x4 /opt/devkitpro/libctru/lib/libctru.a(initArgv.o)
                0x00109a0c                __system_argc
 .bss.saved_stack.42
                0x00109a10        0x8 /opt/devkitpro/libctru/lib/libctru.a(stack_adjust.o)
 .bss.__3dslink_host
                0x00109a18        0x4 /opt/devkitpro/libctru/lib/libctru.a(3dslink.o)
                0x00109a18                __3dslink_host
 .bss.__system_retAddr
                0x00109a1c        0x4 /opt/devkitpro/libctru/lib/libctru.a(ctru_init.o)
                0x00109a1c                __system_retAddr
 .bss.archive_devices
                0x00109a20      0x5c0 /opt/devkitpro/libctru/lib/libctru.a(archive_dev.o)
 .bss.archive_device_cwd
                0x00109fe0        0x4 /opt/devkitpro/libctru/lib/libctru.a(archive_dev.o)
 .bss.archive_initialized
                0x00109fe4        0x1 /opt/devkitpro/libctru/lib/libctru.a(archive_dev.o)
 .bss.__ctru_speedup
                0x00109fe5        0x1 /opt/devkitpro/libctru/lib/libctru.a(os.o)
                0x00109fe5                __ctru_speedup
 *fill*         0x00109fe6        0x2 
 .bss.srvRefCount
                0x00109fe8        0x4 /opt/devkitpro/libctru/lib/libctru.a(srv.o)
 .bss.srvHandle
                0x00109fec        0x4 /opt/devkitpro/libctru/lib/libctru.a(srv.o)
 .bss.arbiter   0x00109ff0        0x4 /opt/devkitpro/libctru/lib/libctru.a(synchronization.o)
 .bss.flagValue.0
                0x00109ff4        0x1 /opt/devkitpro/libctru/lib/libctru.a(apt.o)
 .bss.flagInit.1
                0x00109ff5        0x1 /opt/devkitpro/libctru/lib/libctru.a(apt.o)
 *fill*         0x00109ff6        0x2 
 .bss.serviceName.6
                0x00109ff8        0x4 /opt/devkitpro/libctru/lib/libctru.a(apt.o)
 .bss.aptChainloadFlags
                0x00109ffc        0x1 /opt/devkitpro/libctru/lib/libctru.a(apt.o)
 .bss.aptChainloadMediatype
                0x00109ffd        0x1 /opt/devkitpro/libctru/lib/libctru.a(apt.o)
 *fill*         0x00109ffe        0x2 
 .bss.aptChainloadHmac
                0x0010a000       0x20 /opt/devkitpro/libctru/lib/libctru.a(apt.o)
 .bss.aptChainloadDeliverArg
                0x0010a020      0x300 /opt/devkitpro/libctru/lib/libctru.a(apt.o)
 .bss.aptChainloadTid
                0x0010a320        0x8 /opt/devkitpro/libctru/lib/libctru.a(apt.o)
 .bss.aptParameters
                0x0010a328     0x1000 /opt/devkitpro/libctru/lib/libctru.a(apt.o)
 .bss.aptFlags  0x0010b328        0x4 /opt/devkitpro/libctru/lib/libctru.a(apt.o)
 .bss.aptHomeButtonState
                0x0010b32c        0x1 /opt/devkitpro/libctru/lib/libctru.a(apt.o)
 *fill*         0x0010b32d        0x3 
 .bss.aptMessageFuncData
                0x0010b330        0x4 /opt/devkitpro/libctru/lib/libctru.a(apt.o)
 .bss.aptMessageFunc
                0x0010b334        0x4 /opt/devkitpro/libctru/lib/libctru.a(apt.o)
 .bss.aptFirstHook
                0x0010b338        0xc /opt/devkitpro/libctru/lib/libctru.a(apt.o)
 .bss.aptEventHandlerThreadQuit
                0x0010b344        0x1 /opt/devkitpro/libctru/lib/libctru.a(apt.o)
 *fill*         0x0010b345        0x3 
 .bss.aptEventHandlerThread
                0x0010b348        0x4 /opt/devkitpro/libctru/lib/libctru.a(apt.o)
 .bss.aptSleepEvent
                0x0010b34c        0x8 /opt/devkitpro/libctru/lib/libctru.a(apt.o)
 .bss.aptReceiveEvent
                0x0010b354        0x8 /opt/devkitpro/libctru/lib/libctru.a(apt.o)
 .bss.aptEvents
                0x0010b35c        0x8 /opt/devkitpro/libctru/lib/libctru.a(apt.o)
 .bss.aptLockHandle
                0x0010b364        0x4 /opt/devkitpro/libctru/lib/libctru.a(apt.o)
 .bss.aptRefCount
                0x0010b368        0x4 /opt/devkitpro/libctru/lib/libctru.a(apt.o)
 *fill*         0x0010b36c        0x4 
 .bss.fsExemptArchives
                0x0010b370       0x80 /opt/devkitpro/libctru/lib/libctru.a(fs.o)
 .bss.fsuRefCount
                0x0010b3f0        0x4 /opt/devkitpro/libctru/lib/libctru.a(fs.o)
 .bss.fsuHandle
                0x0010b3f4        0x4 /opt/devkitpro/libctru/lib/libctru.a(fs.o)
 .bss.gspGpuRight
                0x0010b3f8        0x1 /opt/devkitpro/libctru/lib/libctru.a(gspgpu.o)
 *fill*         0x0010b3f9        0x3 
 .bss.gspGpuHandle
                0x0010b3fc        0x4 /opt/devkitpro/libctru/lib/libctru.a(gspgpu.o)
 .bss.usingIrrst
                0x0010b400        0x1 /opt/devkitpro/libctru/lib/libctru.a(hid.o)
 *fill*         0x0010b401        0x3 
 .bss.hidRefCount
                0x0010b404        0x4 /opt/devkitpro/libctru/lib/libctru.a(hid.o)
 .bss.kUp       0x0010b408        0x4 /opt/devkitpro/libctru/lib/libctru.a(hid.o)
 .bss.kDown     0x0010b40c        0x4 /opt/devkitpro/libctru/lib/libctru.a(hid.o)
 .bss.kHeld     0x0010b410        0x4 /opt/devkitpro/libctru/lib/libctru.a(hid.o)
 .bss.kOld      0x0010b414        0x4 /opt/devkitpro/libctru/lib/libctru.a(hid.o)
 .bss.hidSharedMem
                0x0010b418        0x4 /opt/devkitpro/libctru/lib/libctru.a(hid.o)
                0x0010b418                hidSharedMem
 .bss.hidEvents
                0x0010b41c       0x14 /opt/devkitpro/libctru/lib/libctru.a(hid.o)
                0x0010b41c                hidEvents
 .bss.hidMemHandle
                0x0010b430        0x4 /opt/devkitpro/libctru/lib/libctru.a(hid.o)
                0x0010b430                hidMemHandle
 .bss.hidHandle
                0x0010b434        0x4 /opt/devkitpro/libctru/lib/libctru.a(hid.o)
                0x0010b434                hidHandle
 .bss.irrstRefCount
                0x0010b438        0x4 /opt/devkitpro/libctru/lib/libctru.a(irrst.o)
 .bss.kHeld     0x0010b43c        0x4 /opt/devkitpro/libctru/lib/libctru.a(irrst.o)
 .bss.irrstSharedMem
                0x0010b440        0x4 /opt/devkitpro/libctru/lib/libctru.a(irrst.o)
                0x0010b440                irrstSharedMem
 .bss.irrstEvent
                0x0010b444        0x4 /opt/devkitpro/libctru/lib/libctru.a(irrst.o)
                0x0010b444                irrstEvent
 .bss.irrstMemHandle
                0x0010b448        0x4 /opt/devkitpro/libctru/lib/libctru.a(irrst.o)
                0x0010b448                irrstMemHandle
 .bss.irrstHandle
                0x0010b44c        0x4 /opt/devkitpro/libctru/lib/libctru.a(irrst.o)
                0x0010b44c                irrstHandle
 .bss.ptmSysmRefCount
                0x0010b450        0x4 /opt/devkitpro/libctru/lib/libctru.a(ptmsysm.o)
 .bss.ptmSysmHandle
                0x0010b454        0x4 /opt/devkitpro/libctru/lib/libctru.a(ptmsysm.o)
 .bss.srvPmHandle
                0x0010b458        0x4 /opt/devkitpro/libctru/lib/libctru.a(srvpm.o)
 .bss.__ctru_linear_heap_size
                0x0010b45c        0x4 /opt/devkitpro/libctru/lib/libctru.a(allocateHeaps.o)
                0x0010b45c                __ctru_linear_heap_size
 .bss.__ctru_heap_size
                0x0010b460        0x4 /opt/devkitpro/libctru/lib/libctru.a(allocateHeaps.o)
                0x0010b460                __ctru_heap_size
 .bss.__ctru_linear_heap
                0x0010b464        0x4 /opt/devkitpro/libctru/lib/libctru.a(allocateHeaps.o)
                0x0010b464                __ctru_linear_heap
 .bss.__ctru_heap
                0x0010b468        0x4 /opt/devkitpro/libctru/lib/libctru.a(allocateHeaps.o)
                0x0010b468                __ctru_heap
 .bss.currentAddr
                0x0010b46c        0x4 /opt/devkitpro/libctru/lib/libctru.a(mappable.o)
 .bss.maxAddr   0x0010b470        0x4 /opt/devkitpro/libctru/lib/libctru.a(mappable.o)
 .bss.minAddr   0x0010b474        0x4 /opt/devkitpro/libctru/lib/libctru.a(mappable.o)
 .bss.__sf      0x0010b478      0x168 /opt/devkitpro/devkitARM/bin/../lib/gcc/arm-none-eabi/14.1.0/../../../../arm-none-eabi/lib/armv6k/fpu/libg.a(libc_a-findfp.o)
                0x0010b478                __sf
 .bss.__stdio_exit_handler
                0x0010b5e0        0x4 /opt/devkitpro/devkitARM/bin/../lib/gcc/arm-none-eabi/14.1.0/../../../../arm-none-eabi/lib/armv6k/fpu/libg.a(libc_a-findfp.o)
                0x0010b5e0                __stdio_exit_handler
 .bss.__malloc_current_mallinfo
                0x0010b5e4       0x28 /opt/devkitpro/devkitARM/bin/../lib/gcc/arm-none-eabi/14.1.0/../../../../arm-none-eabi/lib/armv6k/fpu/libg.a(libc_a-mallocr.o)
                0x0010b5e4                __malloc_current_mallinfo
 .bss.__malloc_max_total_mem
                0x0010b60c        0x4 /opt/devkitpro/devkitARM/bin/../lib/gcc/arm-none-eabi/14.1.0/../../../../arm-none-eabi/lib/armv6k/fpu/libg.a(libc_a-mallocr.o)
                0x0010b60c                __malloc_max_total_mem
 .bss.__malloc_max_sbrked_mem
                0x0010b610        0x4 /opt/devkitpro/devkitARM/bin/../lib/gcc/arm-none-eabi/14.1.0/../../../../arm-none-eabi/lib/armv6k/fpu/libg.a(libc_a-mallocr.o)
                0x0010b610                __malloc_max_sbrked_mem
 .bss.__malloc_top_pad
                0x0010b614        0x4 /opt/devkitpro/devkitARM/bin/../lib/gcc/arm-none-eabi/14.1.0/../../../../arm-none-eabi/lib/armv6k/fpu/libg.a(libc_a-mallocr.o)
                0x0010b614                __malloc_top_pad
 .bss.__malloc_recursive_mutex
                0x0010b618        0xc /opt/devkitpro/devkitARM/bin/../lib/gcc/arm-none-eabi/14.1.0/../../../../arm-none-eabi/lib/armv6k/fpu/libg.a(libc_a-mlock.o)
 .bss.temp_cwd  0x0010b624      0x400 /opt/devkitpro/devkitARM/bin/../lib/gcc/arm-none-eabi/14.1.0/../../../../arm-none-eabi/lib/armv6k/fpu/libsysbase.a(libsysbase_libsysbase_a-chdir.o)
 .bss.fake_heap_start
                0x0010ba24        0x4 /opt/devkitpro/devkitARM/bin/../lib/gcc/arm-none-eabi/14.1.0/../../../../arm-none-eabi/lib/armv6k/fpu/libsysbase.a(libsysbase_libsysbase_a-malloc_vars.o)
                0x0010ba24                fake_heap_start
 .bss.fake_heap_end
                0x0010ba28        0x4 /opt/devkitpro/devkitARM/bin/../lib/gcc/arm-none-eabi/14.1.0/../../../../arm-none-eabi/lib/armv6k/fpu/libsysbase.a(libsysbase_libsysbase_a-malloc_vars.o)
                0x0010ba28                fake_heap_end
 .bss.heap_start.0
                0x0010ba2c        0x4 /opt/devkitpro/devkitARM/bin/../lib/gcc/arm-none-eabi/14.1.0/../../../../arm-none-eabi/lib/armv6k/fpu/libsysbase.a(libsysbase_libsysbase_a-sbrk.o)
 *(.gnu.linkonce.b*)
 *(COMMON)
                0x0010ba30                        . = (0x8 + ABSOLUTE (ALIGN (ABSOLUTE ((. - 0x8)), MAX (ALIGNOF (.tdata), ALIGNOF (.tbss)))))
                0x0010ba30                        __tls_start = .
                0x0010ba30                        . = (. + SIZEOF (.tdata))
                0x0010ba30                        . = ALIGN (ALIGNOF (.tbss))
                0x0010c638                        . = (. + SIZEOF (.tbss))
 *fill*         0x0010ba30      0xc08 
                0x0010c638                        __tls_end = .
                0x0010c638                        __bss_end__ = .
                0x0010c638                        __end__ = ABSOLUTE (.)

/DISCARD/
 *(.group .comment .note)

.stab
 *(.stab)

.stabstr
 *(.stabstr)

.stab.excl
 *(.stab.excl)

.stab.exclstr
 *(.stab.exclstr)

.stab.index
 *(.stab.index)

.stab.indexstr
 *(.stab.indexstr)

.debug
 *(.debug)

.line
 *(.line)

.debug_srcinfo
 *(.debug_srcinfo)

.debug_sfnames
 *(.debug_sfnames)

.debug_aranges  0x00000000     0x1368
 *(.debug_aranges)
 .debug_aranges
                0x00000000       0x20 /opt/devkitpro/libctru/lib/libctru.a(initArgv.o)
 .debug_aranges
                0x00000020       0x28 /opt/devkitpro/libctru/lib/libctru.a(stack_adjust.o)
 .debug_aranges
                0x00000048       0x20 /opt/devkitpro/libctru/lib/libctru.a(3dslink.o)
 .debug_aranges
                0x00000068       0x20 /opt/devkitpro/libctru/lib/libctru.a(appExit.o)
 .debug_aranges
                0x00000088       0x20 /opt/devkitpro/libctru/lib/libctru.a(appInit.o)
 .debug_aranges
                0x000000a8       0x20 /opt/devkitpro/libctru/lib/libctru.a(ctru_exit.o)
 .debug_aranges
                0x000000c8       0x20 /opt/devkitpro/libctru/lib/libctru.a(ctru_init.o)
 .debug_aranges
                0x000000e8       0xe0 /opt/devkitpro/libctru/lib/libctru.a(syscalls.o)
 .debug_aranges
                0x000001c8      0x330 /opt/devkitpro/libctru/lib/libctru.a(svc.o)
 .debug_aranges
                0x000004f8      0x140 /opt/devkitpro/libctru/lib/libctru.a(archive_dev.o)
 .debug_aranges
                0x00000638       0x28 /opt/devkitpro/libctru/lib/libctru.a(env.o)
 .debug_aranges
                0x00000660       0x58 /opt/devkitpro/libctru/lib/libctru.a(os.o)
 .debug_aranges
                0x000006b8       0x18 /opt/devkitpro/libctru/lib/libctru.a(path_buf.o)
 .debug_aranges
                0x000006d0       0xc0 /opt/devkitpro/libctru/lib/libctru.a(srv.o)
 .debug_aranges
                0x00000790       0xf0 /opt/devkitpro/libctru/lib/libctru.a(synchronization.o)
 .debug_aranges
                0x00000880       0x60 /opt/devkitpro/libctru/lib/libctru.a(thread.o)
 .debug_aranges
                0x000008e0      0x268 /opt/devkitpro/libctru/lib/libctru.a(apt.o)
 .debug_aranges
                0x00000b48      0x3b8 /opt/devkitpro/libctru/lib/libctru.a(fs.o)
 .debug_aranges
                0x00000f00      0x108 /opt/devkitpro/libctru/lib/libctru.a(gspgpu.o)
 .debug_aranges
                0x00001008       0xd0 /opt/devkitpro/libctru/lib/libctru.a(hid.o)
 .debug_aranges
                0x000010d8       0x68 /opt/devkitpro/libctru/lib/libctru.a(irrst.o)
 .debug_aranges
                0x00001140       0xa0 /opt/devkitpro/libctru/lib/libctru.a(ptmsysm.o)
 .debug_aranges
                0x000011e0       0x50 /opt/devkitpro/libctru/lib/libctru.a(srvpm.o)
 .debug_aranges
                0x00001230       0x20 /opt/devkitpro/libctru/lib/libctru.a(decode_utf8.o)
 .debug_aranges
                0x00001250       0x20 /opt/devkitpro/libctru/lib/libctru.a(utf16_to_utf8.o)
 .debug_aranges
                0x00001270       0x20 /opt/devkitpro/libctru/lib/libctru.a(utf8_to_utf16.o)
 .debug_aranges
                0x00001290       0x20 /opt/devkitpro/libctru/lib/libctru.a(allocateHeaps.o)
 .debug_aranges
                0x000012b0       0x20 /opt/devkitpro/libctru/lib/libctru.a(readtp.o)
 .debug_aranges
                0x000012d0       0x38 /opt/devkitpro/libctru/lib/libctru.a(mappable.o)
 .debug_aranges
                0x00001308       0x20 /opt/devkitpro/libctru/lib/libctru.a(decode_utf16.o)
 .debug_aranges
                0x00001328       0x20 /opt/devkitpro/libctru/lib/libctru.a(encode_utf16.o)
 .debug_aranges
                0x00001348       0x20 /opt/devkitpro/libctru/lib/libctru.a(encode_utf8.o)

.debug_pubnames
 *(.debug_pubnames)

.debug_info     0x00000000    0x2528e
 *(.debug_info)
 .debug_info    0x00000000      0x2bc /opt/devkitpro/libctru/lib/libctru.a(initArgv.o)
 .debug_info    0x000002bc       0x23 /opt/devkitpro/libctru/lib/libctru.a(stack_adjust.o)
 .debug_info    0x000002df      0xa42 /opt/devkitpro/libctru/lib/libctru.a(3dslink.o)
 .debug_info    0x00000d21      0x13d /opt/devkitpro/libctru/lib/libctru.a(appExit.o)
 .debug_info    0x00000e5e      0x148 /opt/devkitpro/libctru/lib/libctru.a(appInit.o)
 .debug_info    0x00000fa6      0x2b7 /opt/devkitpro/libctru/lib/libctru.a(ctru_exit.o)
 .debug_info    0x0000125d      0x185 /opt/devkitpro/libctru/lib/libctru.a(ctru_init.o)
 .debug_info    0x000013e2     0x1765 /opt/devkitpro/libctru/lib/libctru.a(syscalls.o)
 .debug_info    0x00002b47       0x23 /opt/devkitpro/libctru/lib/libctru.a(svc.o)
 .debug_info    0x00002b6a     0x42b1 /opt/devkitpro/libctru/lib/libctru.a(archive_dev.o)
 .debug_info    0x00006e1b      0x2a9 /opt/devkitpro/libctru/lib/libctru.a(env.o)
 .debug_info    0x000070c4      0x6cc /opt/devkitpro/libctru/lib/libctru.a(os.o)
 .debug_info    0x00007790       0xd7 /opt/devkitpro/libctru/lib/libctru.a(path_buf.o)
 .debug_info    0x00007867     0x1af2 /opt/devkitpro/libctru/lib/libctru.a(srv.o)
 .debug_info    0x00009359     0x2956 /opt/devkitpro/libctru/lib/libctru.a(synchronization.o)
 .debug_info    0x0000bcaf     0x1152 /opt/devkitpro/libctru/lib/libctru.a(thread.o)
 .debug_info    0x0000ce01     0x5593 /opt/devkitpro/libctru/lib/libctru.a(apt.o)
 .debug_info    0x00012394     0x8f48 /opt/devkitpro/libctru/lib/libctru.a(fs.o)
 .debug_info    0x0001b2dc     0x5c04 /opt/devkitpro/libctru/lib/libctru.a(gspgpu.o)
 .debug_info    0x00020ee0     0x13d8 /opt/devkitpro/libctru/lib/libctru.a(hid.o)
 .debug_info    0x000222b8      0xafc /opt/devkitpro/libctru/lib/libctru.a(irrst.o)
 .debug_info    0x00022db4      0xb06 /opt/devkitpro/libctru/lib/libctru.a(ptmsysm.o)
 .debug_info    0x000238ba      0x872 /opt/devkitpro/libctru/lib/libctru.a(srvpm.o)
 .debug_info    0x0002412c      0x158 /opt/devkitpro/libctru/lib/libctru.a(decode_utf8.o)
 .debug_info    0x00024284      0x205 /opt/devkitpro/libctru/lib/libctru.a(utf16_to_utf8.o)
 .debug_info    0x00024489      0x205 /opt/devkitpro/libctru/lib/libctru.a(utf8_to_utf16.o)
 .debug_info    0x0002468e      0x529 /opt/devkitpro/libctru/lib/libctru.a(allocateHeaps.o)
 .debug_info    0x00024bb7       0x24 /opt/devkitpro/libctru/lib/libctru.a(readtp.o)
 .debug_info    0x00024bdb      0x36d /opt/devkitpro/libctru/lib/libctru.a(mappable.o)
 .debug_info    0x00024f48      0x134 /opt/devkitpro/libctru/lib/libctru.a(decode_utf16.o)
 .debug_info    0x0002507c      0x109 /opt/devkitpro/libctru/lib/libctru.a(encode_utf16.o)
 .debug_info    0x00025185      0x109 /opt/devkitpro/libctru/lib/libctru.a(encode_utf8.o)

.debug_abbrev   0x00000000     0x4fad
 *(.debug_abbrev)
 .debug_abbrev  0x00000000      0x198 /opt/devkitpro/libctru/lib/libctru.a(initArgv.o)
 .debug_abbrev  0x00000198       0x12 /opt/devkitpro/libctru/lib/libctru.a(stack_adjust.o)
 .debug_abbrev  0x000001aa      0x259 /opt/devkitpro/libctru/lib/libctru.a(3dslink.o)
 .debug_abbrev  0x00000403       0x9e /opt/devkitpro/libctru/lib/libctru.a(appExit.o)
 .debug_abbrev  0x000004a1       0x93 /opt/devkitpro/libctru/lib/libctru.a(appInit.o)
 .debug_abbrev  0x00000534      0x15a /opt/devkitpro/libctru/lib/libctru.a(ctru_exit.o)
 .debug_abbrev  0x0000068e      0x129 /opt/devkitpro/libctru/lib/libctru.a(ctru_init.o)
 .debug_abbrev  0x000007b7      0x4f5 /opt/devkitpro/libctru/lib/libctru.a(syscalls.o)
 .debug_abbrev  0x00000cac       0x12 /opt/devkitpro/libctru/lib/libctru.a(svc.o)
 .debug_abbrev  0x00000cbe      0x656 /opt/devkitpro/libctru/lib/libctru.a(archive_dev.o)
 .debug_abbrev  0x00001314      0x1bf /opt/devkitpro/libctru/lib/libctru.a(env.o)
 .debug_abbrev  0x000014d3      0x2b2 /opt/devkitpro/libctru/lib/libctru.a(os.o)
 .debug_abbrev  0x00001785       0x6f /opt/devkitpro/libctru/lib/libctru.a(path_buf.o)
 .debug_abbrev  0x000017f4      0x514 /opt/devkitpro/libctru/lib/libctru.a(srv.o)
 .debug_abbrev  0x00001d08      0x4f2 /opt/devkitpro/libctru/lib/libctru.a(synchronization.o)
 .debug_abbrev  0x000021fa      0x495 /opt/devkitpro/libctru/lib/libctru.a(thread.o)
 .debug_abbrev  0x0000268f      0x763 /opt/devkitpro/libctru/lib/libctru.a(apt.o)
 .debug_abbrev  0x00002df2      0x620 /opt/devkitpro/libctru/lib/libctru.a(fs.o)
 .debug_abbrev  0x00003412      0x62a /opt/devkitpro/libctru/lib/libctru.a(gspgpu.o)
 .debug_abbrev  0x00003a3c      0x516 /opt/devkitpro/libctru/lib/libctru.a(hid.o)
 .debug_abbrev  0x00003f52      0x38b /opt/devkitpro/libctru/lib/libctru.a(irrst.o)
 .debug_abbrev  0x000042dd      0x24f /opt/devkitpro/libctru/lib/libctru.a(ptmsysm.o)
 .debug_abbrev  0x0000452c      0x2f1 /opt/devkitpro/libctru/lib/libctru.a(srvpm.o)
 .debug_abbrev  0x0000481d       0x93 /opt/devkitpro/libctru/lib/libctru.a(decode_utf8.o)
 .debug_abbrev  0x000048b0      0x104 /opt/devkitpro/libctru/lib/libctru.a(utf16_to_utf8.o)
 .debug_abbrev  0x000049b4      0x104 /opt/devkitpro/libctru/lib/libctru.a(utf8_to_utf16.o)
 .debug_abbrev  0x00004ab8      0x193 /opt/devkitpro/libctru/lib/libctru.a(allocateHeaps.o)
 .debug_abbrev  0x00004c4b       0x14 /opt/devkitpro/libctru/lib/libctru.a(readtp.o)
 .debug_abbrev  0x00004c5f      0x1d3 /opt/devkitpro/libctru/lib/libctru.a(mappable.o)
 .debug_abbrev  0x00004e32       0x93 /opt/devkitpro/libctru/lib/libctru.a(decode_utf16.o)
 .debug_abbrev  0x00004ec5       0x74 /opt/devkitpro/libctru/lib/libctru.a(encode_utf16.o)
 .debug_abbrev  0x00004f39       0x74 /opt/devkitpro/libctru/lib/libctru.a(encode_utf8.o)

.debug_line     0x00000000    0x18bca
 *(.debug_line)
 .debug_line    0x00000000      0x42c /opt/devkitpro/libctru/lib/libctru.a(initArgv.o)
 .debug_line    0x0000042c       0x6f /opt/devkitpro/libctru/lib/libctru.a(stack_adjust.o)
 .debug_line    0x0000049b      0x443 /opt/devkitpro/libctru/lib/libctru.a(3dslink.o)
 .debug_line    0x000008de      0x249 /opt/devkitpro/libctru/lib/libctru.a(appExit.o)
 .debug_line    0x00000b27      0x246 /opt/devkitpro/libctru/lib/libctru.a(appInit.o)
 .debug_line    0x00000d6d      0x1cb /opt/devkitpro/libctru/lib/libctru.a(ctru_exit.o)
 .debug_line    0x00000f38      0x1d9 /opt/devkitpro/libctru/lib/libctru.a(ctru_init.o)
 .debug_line    0x00001111      0x995 /opt/devkitpro/libctru/lib/libctru.a(syscalls.o)
 .debug_line    0x00001aa6      0x78f /opt/devkitpro/libctru/lib/libctru.a(svc.o)
 .debug_line    0x00002235     0x1d61 /opt/devkitpro/libctru/lib/libctru.a(archive_dev.o)
 .debug_line    0x00003f96      0x273 /opt/devkitpro/libctru/lib/libctru.a(env.o)
 .debug_line    0x00004209      0x4b3 /opt/devkitpro/libctru/lib/libctru.a(os.o)
 .debug_line    0x000046bc      0x11d /opt/devkitpro/libctru/lib/libctru.a(path_buf.o)
 .debug_line    0x000047d9      0xff5 /opt/devkitpro/libctru/lib/libctru.a(srv.o)
 .debug_line    0x000057ce     0x1654 /opt/devkitpro/libctru/lib/libctru.a(synchronization.o)
 .debug_line    0x00006e22      0x6b3 /opt/devkitpro/libctru/lib/libctru.a(thread.o)
 .debug_line    0x000074d5     0x38eb /opt/devkitpro/libctru/lib/libctru.a(apt.o)
 .debug_line    0x0000adc0     0x6c10 /opt/devkitpro/libctru/lib/libctru.a(fs.o)
 .debug_line    0x000119d0     0x3521 /opt/devkitpro/libctru/lib/libctru.a(gspgpu.o)
 .debug_line    0x00014ef1      0xf2b /opt/devkitpro/libctru/lib/libctru.a(hid.o)
 .debug_line    0x00015e1c      0x8ed /opt/devkitpro/libctru/lib/libctru.a(irrst.o)
 .debug_line    0x00016709      0xa06 /opt/devkitpro/libctru/lib/libctru.a(ptmsysm.o)
 .debug_line    0x0001710f      0x6bb /opt/devkitpro/libctru/lib/libctru.a(srvpm.o)
 .debug_line    0x000177ca      0x281 /opt/devkitpro/libctru/lib/libctru.a(decode_utf8.o)
 .debug_line    0x00017a4b      0x2d9 /opt/devkitpro/libctru/lib/libctru.a(utf16_to_utf8.o)
 .debug_line    0x00017d24      0x2ac /opt/devkitpro/libctru/lib/libctru.a(utf8_to_utf16.o)
 .debug_line    0x00017fd0      0x35c /opt/devkitpro/libctru/lib/libctru.a(allocateHeaps.o)
 .debug_line    0x0001832c       0x49 /opt/devkitpro/libctru/lib/libctru.a(readtp.o)
 .debug_line    0x00018375      0x301 /opt/devkitpro/libctru/lib/libctru.a(mappable.o)
 .debug_line    0x00018676      0x1a2 /opt/devkitpro/libctru/lib/libctru.a(decode_utf16.o)
 .debug_line    0x00018818      0x190 /opt/devkitpro/libctru/lib/libctru.a(encode_utf16.o)
 .debug_line    0x000189a8      0x222 /opt/devkitpro/libctru/lib/libctru.a(encode_utf8.o)

.debug_frame    0x00000000     0x36d4
 *(.debug_frame)
 .debug_frame   0x00000000       0x34 /opt/devkitpro/libctru/lib/libctru.a(initArgv.o)
 .debug_frame   0x00000034       0x30 /opt/devkitpro/libctru/lib/libctru.a(stack_adjust.o)
 .debug_frame   0x00000064       0x34 /opt/devkitpro/libctru/lib/libctru.a(3dslink.o)
 .debug_frame   0x00000098       0x2c /opt/devkitpro/libctru/lib/libctru.a(appExit.o)
 .debug_frame   0x000000c4       0x28 /opt/devkitpro/libctru/lib/libctru.a(appInit.o)
 .debug_frame   0x000000ec       0x28 /opt/devkitpro/libctru/lib/libctru.a(ctru_exit.o)
 .debug_frame   0x00000114       0x2c /opt/devkitpro/libctru/lib/libctru.a(ctru_init.o)
 .debug_frame   0x00000140      0x224 /opt/devkitpro/libctru/lib/libctru.a(syscalls.o)
 .debug_frame   0x00000364      0x640 /opt/devkitpro/libctru/lib/libctru.a(svc.o)
 .debug_frame   0x000009a4      0x52c /opt/devkitpro/libctru/lib/libctru.a(archive_dev.o)
 .debug_frame   0x00000ed0       0x4c /opt/devkitpro/libctru/lib/libctru.a(env.o)
 .debug_frame   0x00000f1c       0xd0 /opt/devkitpro/libctru/lib/libctru.a(os.o)
 .debug_frame   0x00000fec      0x254 /opt/devkitpro/libctru/lib/libctru.a(srv.o)
 .debug_frame   0x00001240      0x2b4 /opt/devkitpro/libctru/lib/libctru.a(synchronization.o)
 .debug_frame   0x000014f4       0xf0 /opt/devkitpro/libctru/lib/libctru.a(thread.o)
 .debug_frame   0x000015e4      0x934 /opt/devkitpro/libctru/lib/libctru.a(apt.o)
 .debug_frame   0x00001f18      0xce8 /opt/devkitpro/libctru/lib/libctru.a(fs.o)
 .debug_frame   0x00002c00      0x34c /opt/devkitpro/libctru/lib/libctru.a(gspgpu.o)
 .debug_frame   0x00002f4c      0x258 /opt/devkitpro/libctru/lib/libctru.a(hid.o)
 .debug_frame   0x000031a4      0x104 /opt/devkitpro/libctru/lib/libctru.a(irrst.o)
 .debug_frame   0x000032a8      0x1a4 /opt/devkitpro/libctru/lib/libctru.a(ptmsysm.o)
 .debug_frame   0x0000344c       0xb0 /opt/devkitpro/libctru/lib/libctru.a(srvpm.o)
 .debug_frame   0x000034fc       0x30 /opt/devkitpro/libctru/lib/libctru.a(decode_utf8.o)
 .debug_frame   0x0000352c       0x3c /opt/devkitpro/libctru/lib/libctru.a(utf16_to_utf8.o)
 .debug_frame   0x00003568       0x3c /opt/devkitpro/libctru/lib/libctru.a(utf8_to_utf16.o)
 .debug_frame   0x000035a4       0x38 /opt/devkitpro/libctru/lib/libctru.a(allocateHeaps.o)
 .debug_frame   0x000035dc       0x20 /opt/devkitpro/libctru/lib/libctru.a(readtp.o)
 .debug_frame   0x000035fc       0x70 /opt/devkitpro/libctru/lib/libctru.a(mappable.o)
 .debug_frame   0x0000366c       0x28 /opt/devkitpro/libctru/lib/libctru.a(decode_utf16.o)
 .debug_frame   0x00003694       0x20 /opt/devkitpro/libctru/lib/libctru.a(encode_utf16.o)
 .debug_frame   0x000036b4       0x20 /opt/devkitpro/libctru/lib/libctru.a(encode_utf8.o)

.debug_str      0x00000000     0x6bd1
 *(.debug_str)
 .debug_str     0x00000000     0x6bd1 /opt/devkitpro/libctru/lib/libctru.a(initArgv.o)
                                0x2f8 (size before relaxing)
 .debug_str     0x00006bd1       0xd5 /opt/devkitpro/libctru/lib/libctru.a(stack_adjust.o)
 .debug_str     0x00006bd1      0x689 /opt/devkitpro/libctru/lib/libctru.a(3dslink.o)
 .debug_str     0x00006bd1      0x26b /opt/devkitpro/libctru/lib/libctru.a(appExit.o)
 .debug_str     0x00006bd1      0x26a /opt/devkitpro/libctru/lib/libctru.a(appInit.o)
 .debug_str     0x00006bd1      0x40c /opt/devkitpro/libctru/lib/libctru.a(ctru_exit.o)
 .debug_str     0x00006bd1      0x2b5 /opt/devkitpro/libctru/lib/libctru.a(ctru_init.o)
 .debug_str     0x00006bd1      0xc7d /opt/devkitpro/libctru/lib/libctru.a(syscalls.o)
 .debug_str     0x00006bd1       0xc5 /opt/devkitpro/libctru/lib/libctru.a(svc.o)
 .debug_str     0x00006bd1     0x1669 /opt/devkitpro/libctru/lib/libctru.a(archive_dev.o)
 .debug_str     0x00006bd1      0x2a6 /opt/devkitpro/libctru/lib/libctru.a(env.o)
 .debug_str     0x00006bd1      0x59a /opt/devkitpro/libctru/lib/libctru.a(os.o)
 .debug_str     0x00006bd1      0x22f /opt/devkitpro/libctru/lib/libctru.a(path_buf.o)
 .debug_str     0x00006bd1      0xad9 /opt/devkitpro/libctru/lib/libctru.a(srv.o)
 .debug_str     0x00006bd1      0x985 /opt/devkitpro/libctru/lib/libctru.a(synchronization.o)
 .debug_str     0x00006bd1      0x8ba /opt/devkitpro/libctru/lib/libctru.a(thread.o)
 .debug_str     0x00006bd1     0x1b90 /opt/devkitpro/libctru/lib/libctru.a(apt.o)
 .debug_str     0x00006bd1     0x1d15 /opt/devkitpro/libctru/lib/libctru.a(fs.o)
 .debug_str     0x00006bd1      0xc6d /opt/devkitpro/libctru/lib/libctru.a(gspgpu.o)
 .debug_str     0x00006bd1      0x93e /opt/devkitpro/libctru/lib/libctru.a(hid.o)
 .debug_str     0x00006bd1      0x597 /opt/devkitpro/libctru/lib/libctru.a(irrst.o)
 .debug_str     0x00006bd1      0x590 /opt/devkitpro/libctru/lib/libctru.a(ptmsysm.o)
 .debug_str     0x00006bd1      0x582 /opt/devkitpro/libctru/lib/libctru.a(srvpm.o)
 .debug_str     0x00006bd1      0x259 /opt/devkitpro/libctru/lib/libctru.a(decode_utf8.o)
 .debug_str     0x00006bd1      0x299 /opt/devkitpro/libctru/lib/libctru.a(utf16_to_utf8.o)
 .debug_str     0x00006bd1      0x299 /opt/devkitpro/libctru/lib/libctru.a(utf8_to_utf16.o)
 .debug_str     0x00006bd1      0x5f6 /opt/devkitpro/libctru/lib/libctru.a(allocateHeaps.o)
 .debug_str     0x00006bd1       0xcf /opt/devkitpro/libctru/lib/libctru.a(readtp.o)
 .debug_str     0x00006bd1      0x3c4 /opt/devkitpro/libctru/lib/libctru.a(mappable.o)
 .debug_str     0x00006bd1      0x251 /opt/devkitpro/libctru/lib/libctru.a(decode_utf16.o)
 .debug_str     0x00006bd1      0x245 /opt/devkitpro/libctru/lib/libctru.a(encode_utf16.o)
 .debug_str     0x00006bd1      0x241 /opt/devkitpro/libctru/lib/libctru.a(encode_utf8.o)

.debug_loc
 *(.debug_loc)

.debug_macinfo
 *(.debug_macinfo)
LOAD /opt/devkitpro/devkitARM/bin/../lib/gcc/arm-none-eabi/14.1.0/../../../../arm-none-eabi/lib/armv6k/fpu/3dsx_crt0.o
LOAD /opt/devkitpro/devkitARM/bin/../lib/gcc/arm-none-eabi/14.1.0/armv6k/fpu/crti.o
LOAD /opt/devkitpro/devkitARM/bin/../lib/gcc/arm-none-eabi/14.1.0/armv6k/fpu/crtbegin.o
LOAD /opt/devkitpro/libctru/lib/libctru.a
LOAD /opt/devkitpro/devkitARM/bin/../lib/gcc/arm-none-eabi/14.1.0/../../../../arm-none-eabi/lib/armv6k/fpu/libm.a
LOAD /opt/devkitpro/portlibs/3ds/lib/libSDL2.a
START GROUP
LOAD /opt/devkitpro/devkitARM/bin/../lib/gcc/arm-none-eabi/14.1.0/armv6k/fpu/libgcc.a
LOAD /opt/devkitpro/devkitARM/bin/../lib/gcc/arm-none-eabi/14.1.0/../../../../arm-none-eabi/lib/armv6k/fpu/libg.a
LOAD /opt/devkitpro/devkitARM/bin/../lib/gcc/arm-none-eabi/14.1.0/../../../../arm-none-eabi/lib/armv6k/fpu/libc.a
LOAD /opt/devkitpro/devkitARM/bin/../lib/gcc/arm-none-eabi/14.1.0/../../../../arm-none-eabi/lib/armv6k/fpu/libsysbase.a
END GROUP
LOAD /opt/devkitpro/devkitARM/bin/../lib/gcc/arm-none-eabi/14.1.0/armv6k/fpu/crtend.o
LOAD /opt/devkitpro/devkitARM/bin/../lib/gcc/arm-none-eabi/14.1.0/armv6k/fpu/crtn.o
OUTPUT(/home/yeti/dev/c/basilkart/misc/3ds/3ds.elf elf32-littlearm)
LOAD linker stubs

.ARM.attributes
                0x00000000       0x2f
 .ARM.attributes
                0x00000000       0x1e /opt/devkitpro/devkitARM/bin/../lib/gcc/arm-none-eabi/14.1.0/../../../../arm-none-eabi/lib/armv6k/fpu/3dsx_crt0.o
 .ARM.attributes
                0x0000001e       0x1c /opt/devkitpro/devkitARM/bin/../lib/gcc/arm-none-eabi/14.1.0/armv6k/fpu/crti.o
 .ARM.attributes
                0x0000003a       0x30 /opt/devkitpro/devkitARM/bin/../lib/gcc/arm-none-eabi/14.1.0/armv6k/fpu/crtbegin.o
 .ARM.attributes
                0x0000006a       0x30 /opt/devkitpro/libctru/lib/libctru.a(initArgv.o)
 .ARM.attributes
                0x0000009a       0x1a /opt/devkitpro/libctru/lib/libctru.a(stack_adjust.o)
 .ARM.attributes
                0x000000b4       0x30 /opt/devkitpro/libctru/lib/libctru.a(3dslink.o)
 .ARM.attributes
                0x000000e4       0x30 /opt/devkitpro/libctru/lib/libctru.a(appExit.o)
 .ARM.attributes
                0x00000114       0x30 /opt/devkitpro/libctru/lib/libctru.a(appInit.o)
 .ARM.attributes
                0x00000144       0x30 /opt/devkitpro/libctru/lib/libctru.a(ctru_exit.o)
 .ARM.attributes
                0x00000174       0x30 /opt/devkitpro/libctru/lib/libctru.a(ctru_init.o)
 .ARM.attributes
                0x000001a4       0x30 /opt/devkitpro/libctru/lib/libctru.a(syscalls.o)
 .ARM.attributes
                0x000001d4       0x1a /opt/devkitpro/libctru/lib/libctru.a(svc.o)
 .ARM.attributes
                0x000001ee       0x30 /opt/devkitpro/libctru/lib/libctru.a(archive_dev.o)
 .ARM.attributes
                0x0000021e       0x30 /opt/devkitpro/libctru/lib/libctru.a(env.o)
 .ARM.attributes
                0x0000024e       0x30 /opt/devkitpro/libctru/lib/libctru.a(os.o)
 .ARM.attributes
                0x0000027e       0x30 /opt/devkitpro/libctru/lib/libctru.a(path_buf.o)
 .ARM.attributes
                0x000002ae       0x30 /opt/devkitpro/libctru/lib/libctru.a(srv.o)
 .ARM.attributes
                0x000002de       0x30 /opt/devkitpro/libctru/lib/libctru.a(synchronization.o)
 .ARM.attributes
                0x0000030e       0x30 /opt/devkitpro/libctru/lib/libctru.a(thread.o)
 .ARM.attributes
                0x0000033e       0x30 /opt/devkitpro/libctru/lib/libctru.a(apt.o)
 .ARM.attributes
                0x0000036e       0x30 /opt/devkitpro/libctru/lib/libctru.a(fs.o)
 .ARM.attributes
                0x0000039e       0x30 /opt/devkitpro/libctru/lib/libctru.a(gspgpu.o)
 .ARM.attributes
                0x000003ce       0x30 /opt/devkitpro/libctru/lib/libctru.a(hid.o)
 .ARM.attributes
                0x000003fe       0x30 /opt/devkitpro/libctru/lib/libctru.a(irrst.o)
 .ARM.attributes
                0x0000042e       0x30 /opt/devkitpro/libctru/lib/libctru.a(ptmsysm.o)
 .ARM.attributes
                0x0000045e       0x30 /opt/devkitpro/libctru/lib/libctru.a(srvpm.o)
 .ARM.attributes
                0x0000048e       0x30 /opt/devkitpro/libctru/lib/libctru.a(decode_utf8.o)
 .ARM.attributes
                0x000004be       0x30 /opt/devkitpro/libctru/lib/libctru.a(utf16_to_utf8.o)
 .ARM.attributes
                0x000004ee       0x30 /opt/devkitpro/libctru/lib/libctru.a(utf8_to_utf16.o)
 .ARM.attributes
                0x0000051e       0x30 /opt/devkitpro/libctru/lib/libctru.a(allocateHeaps.o)
 .ARM.attributes
                0x0000054e       0x1a /opt/devkitpro/libctru/lib/libctru.a(readtp.o)
 .ARM.attributes
                0x00000568       0x30 /opt/devkitpro/libctru/lib/libctru.a(mappable.o)
 .ARM.attributes
                0x00000598       0x30 /opt/devkitpro/libctru/lib/libctru.a(decode_utf16.o)
 .ARM.attributes
                0x000005c8       0x30 /opt/devkitpro/libctru/lib/libctru.a(encode_utf16.o)
 .ARM.attributes
                0x000005f8       0x30 /opt/devkitpro/libctru/lib/libctru.a(encode_utf8.o)
 .ARM.attributes
                0x00000628       0x1c /opt/devkitpro/devkitARM/bin/../lib/gcc/arm-none-eabi/14.1.0/armv6k/fpu/libgcc.a(_dvmd_tls.o)
 .ARM.attributes
                0x00000644       0x30 /opt/devkitpro/devkitARM/bin/../lib/gcc/arm-none-eabi/14.1.0/../../../../arm-none-eabi/lib/armv6k/fpu/libg.a(libc_a-strncmp.o)
 .ARM.attributes
                0x00000674       0x30 /opt/devkitpro/devkitARM/bin/../lib/gcc/arm-none-eabi/14.1.0/../../../../arm-none-eabi/lib/armv6k/fpu/libg.a(libc_a-strlen-stub.o)
 .ARM.attributes
                0x000006a4       0x30 /opt/devkitpro/devkitARM/bin/../lib/gcc/arm-none-eabi/14.1.0/../../../../arm-none-eabi/lib/armv6k/fpu/libg.a(libc_a-impure.o)
 .ARM.attributes
                0x000006d4       0x30 /opt/devkitpro/devkitARM/bin/../lib/gcc/arm-none-eabi/14.1.0/../../../../arm-none-eabi/lib/armv6k/fpu/libg.a(libc_a-strtoul.o)
 .ARM.attributes
                0x00000704       0x30 /opt/devkitpro/devkitARM/bin/../lib/gcc/arm-none-eabi/14.1.0/../../../../arm-none-eabi/lib/armv6k/fpu/libg.a(libc_a-strncat.o)
 .ARM.attributes
                0x00000734       0x30 /opt/devkitpro/devkitARM/bin/../lib/gcc/arm-none-eabi/14.1.0/../../../../arm-none-eabi/lib/armv6k/fpu/libg.a(libc_a-bsearch.o)
 .ARM.attributes
                0x00000764       0x30 /opt/devkitpro/devkitARM/bin/../lib/gcc/arm-none-eabi/14.1.0/../../../../arm-none-eabi/lib/armv6k/fpu/libg.a(libc_a-malign.o)
 .ARM.attributes
                0x00000794       0x30 /opt/devkitpro/devkitARM/bin/../lib/gcc/arm-none-eabi/14.1.0/../../../../arm-none-eabi/lib/armv6k/fpu/libg.a(libc_a-findfp.o)
 .ARM.attributes
                0x000007c4       0x30 /opt/devkitpro/devkitARM/bin/../lib/gcc/arm-none-eabi/14.1.0/../../../../arm-none-eabi/lib/armv6k/fpu/libg.a(libc_a-mallocr.o)
 .ARM.attributes
                0x000007f4       0x30 /opt/devkitpro/devkitARM/bin/../lib/gcc/arm-none-eabi/14.1.0/../../../../arm-none-eabi/lib/armv6k/fpu/libg.a(libc_a-freer.o)
 .ARM.attributes
                0x00000824       0x30 /opt/devkitpro/devkitARM/bin/../lib/gcc/arm-none-eabi/14.1.0/../../../../arm-none-eabi/lib/armv6k/fpu/libg.a(libc_a-strnlen.o)
 .ARM.attributes
                0x00000854       0x30 /opt/devkitpro/devkitARM/bin/../lib/gcc/arm-none-eabi/14.1.0/../../../../arm-none-eabi/lib/armv6k/fpu/libg.a(libc_a-malloc.o)
 .ARM.attributes
                0x00000884       0x30 /opt/devkitpro/devkitARM/bin/../lib/gcc/arm-none-eabi/14.1.0/../../../../arm-none-eabi/lib/armv6k/fpu/libg.a(libc_a-memcpy-stub.o)
 .ARM.attributes
                0x000008b4       0x30 /opt/devkitpro/devkitARM/bin/../lib/gcc/arm-none-eabi/14.1.0/../../../../arm-none-eabi/lib/armv6k/fpu/libg.a(libc_a-ctype_.o)
 .ARM.attributes
                0x000008e4       0x30 /opt/devkitpro/devkitARM/bin/../lib/gcc/arm-none-eabi/14.1.0/../../../../arm-none-eabi/lib/armv6k/fpu/libg.a(libc_a-memset.o)
 .ARM.attributes
                0x00000914       0x30 /opt/devkitpro/devkitARM/bin/../lib/gcc/arm-none-eabi/14.1.0/../../../../arm-none-eabi/lib/armv6k/fpu/libg.a(libc_a-mlock.o)
 .ARM.attributes
                0x00000944       0x30 /opt/devkitpro/devkitARM/bin/../lib/gcc/arm-none-eabi/14.1.0/../../../../arm-none-eabi/lib/armv6k/fpu/libg.a(libc_a-exit.o)
 .ARM.attributes
                0x00000974       0x30 /opt/devkitpro/devkitARM/bin/../lib/gcc/arm-none-eabi/14.1.0/../../../../arm-none-eabi/lib/armv6k/fpu/libg.a(libc_a-strncpy.o)
 .ARM.attributes
                0x000009a4       0x1a /opt/devkitpro/devkitARM/bin/../lib/gcc/arm-none-eabi/14.1.0/../../../../arm-none-eabi/lib/armv6k/fpu/libg.a(libc_a-strcmp.o)
 .ARM.attributes
                0x000009be       0x30 /opt/devkitpro/devkitARM/bin/../lib/gcc/arm-none-eabi/14.1.0/../../../../arm-none-eabi/lib/armv6k/fpu/libg.a(libc_a-init.o)
 .ARM.attributes
                0x000009ee       0x30 /opt/devkitpro/devkitARM/bin/../lib/gcc/arm-none-eabi/14.1.0/../../../../arm-none-eabi/lib/armv6k/fpu/libg.a(libc_a-malignr.o)
 .ARM.attributes
                0x00000a1e       0x30 /opt/devkitpro/devkitARM/bin/../lib/gcc/arm-none-eabi/14.1.0/../../../../arm-none-eabi/lib/armv6k/fpu/libg.a(libc_a-fini.o)
 .ARM.attributes
                0x00000a4e       0x30 /opt/devkitpro/devkitARM/bin/../lib/gcc/arm-none-eabi/14.1.0/../../../../arm-none-eabi/lib/armv6k/fpu/libsysbase.a(libsysbase_libsysbase_a-_exit.o)
 .ARM.attributes
                0x00000a7e       0x30 /opt/devkitpro/devkitARM/bin/../lib/gcc/arm-none-eabi/14.1.0/../../../../arm-none-eabi/lib/armv6k/fpu/libsysbase.a(libsysbase_libsysbase_a-chdir.o)
 .ARM.attributes
                0x00000aae       0x30 /opt/devkitpro/devkitARM/bin/../lib/gcc/arm-none-eabi/14.1.0/../../../../arm-none-eabi/lib/armv6k/fpu/libsysbase.a(libsysbase_libsysbase_a-concatenate.o)
 .ARM.attributes
                0x00000ade       0x30 /opt/devkitpro/devkitARM/bin/../lib/gcc/arm-none-eabi/14.1.0/../../../../arm-none-eabi/lib/armv6k/fpu/libsysbase.a(libsysbase_libsysbase_a-getreent.o)
 .ARM.attributes
                0x00000b0e       0x30 /opt/devkitpro/devkitARM/bin/../lib/gcc/arm-none-eabi/14.1.0/../../../../arm-none-eabi/lib/armv6k/fpu/libsysbase.a(libsysbase_libsysbase_a-iosupport.o)
 .ARM.attributes
                0x00000b3e       0x30 /opt/devkitpro/devkitARM/bin/../lib/gcc/arm-none-eabi/14.1.0/../../../../arm-none-eabi/lib/armv6k/fpu/libsysbase.a(libsysbase_libsysbase_a-malloc_vars.o)
 .ARM.attributes
                0x00000b6e       0x30 /opt/devkitpro/devkitARM/bin/../lib/gcc/arm-none-eabi/14.1.0/../../../../arm-none-eabi/lib/armv6k/fpu/libsysbase.a(libsysbase_libsysbase_a-sbrk.o)
 .ARM.attributes
                0x00000b9e       0x30 /opt/devkitpro/devkitARM/bin/../lib/gcc/arm-none-eabi/14.1.0/../../../../arm-none-eabi/lib/armv6k/fpu/libsysbase.a(libsysbase_libsysbase_a-syscall_support.o)
 .ARM.attributes
                0x00000bce       0x1c /opt/devkitpro/devkitARM/bin/../lib/gcc/arm-none-eabi/14.1.0/armv6k/fpu/libgcc.a(_udivsi3.o)
 .ARM.attributes
                0x00000bea       0x30 /opt/devkitpro/devkitARM/bin/../lib/gcc/arm-none-eabi/14.1.0/../../../../arm-none-eabi/lib/armv6k/fpu/libg.a(libc_a-strchr.o)
 .ARM.attributes
                0x00000c1a       0x30 /opt/devkitpro/devkitARM/bin/../lib/gcc/arm-none-eabi/14.1.0/../../../../arm-none-eabi/lib/armv6k/fpu/libg.a(libc_a-strrchr.o)
 .ARM.attributes
                0x00000c4a       0x1c /opt/devkitpro/devkitARM/bin/../lib/gcc/arm-none-eabi/14.1.0/armv6k/fpu/crtn.o

.debug_loclists
                0x00000000     0xf066
 .debug_loclists
                0x00000000       0xb5 /opt/devkitpro/libctru/lib/libctru.a(initArgv.o)
 .debug_loclists
                0x000000b5       0x82 /opt/devkitpro/libctru/lib/libctru.a(3dslink.o)
 .debug_loclists
                0x00000137       0x2a /opt/devkitpro/libctru/lib/libctru.a(ctru_exit.o)
 .debug_loclists
                0x00000161       0x29 /opt/devkitpro/libctru/lib/libctru.a(ctru_init.o)
 .debug_loclists
                0x0000018a      0x571 /opt/devkitpro/libctru/lib/libctru.a(syscalls.o)
 .debug_loclists
                0x000006fb     0x185b /opt/devkitpro/libctru/lib/libctru.a(archive_dev.o)
 .debug_loclists
                0x00001f56       0xdf /opt/devkitpro/libctru/lib/libctru.a(env.o)
 .debug_loclists
                0x00002035      0x21a /opt/devkitpro/libctru/lib/libctru.a(os.o)
 .debug_loclists
                0x0000224f      0x6a3 /opt/devkitpro/libctru/lib/libctru.a(srv.o)
 .debug_loclists
                0x000028f2     0x169f /opt/devkitpro/libctru/lib/libctru.a(synchronization.o)
 .debug_loclists
                0x00003f91      0x4a0 /opt/devkitpro/libctru/lib/libctru.a(thread.o)
 .debug_loclists
                0x00004431     0x2294 /opt/devkitpro/libctru/lib/libctru.a(apt.o)
 .debug_loclists
                0x000066c5     0x441f /opt/devkitpro/libctru/lib/libctru.a(fs.o)
 .debug_loclists
                0x0000aae4     0x2d85 /opt/devkitpro/libctru/lib/libctru.a(gspgpu.o)
 .debug_loclists
                0x0000d869      0x7d8 /opt/devkitpro/libctru/lib/libctru.a(hid.o)
 .debug_loclists
                0x0000e041      0x3aa /opt/devkitpro/libctru/lib/libctru.a(irrst.o)
 .debug_loclists
                0x0000e3eb      0x338 /opt/devkitpro/libctru/lib/libctru.a(ptmsysm.o)
 .debug_loclists
                0x0000e723      0x24b /opt/devkitpro/libctru/lib/libctru.a(srvpm.o)
 .debug_loclists
                0x0000e96e      0x1e3 /opt/devkitpro/libctru/lib/libctru.a(decode_utf8.o)
 .debug_loclists
                0x0000eb51       0xb7 /opt/devkitpro/libctru/lib/libctru.a(utf16_to_utf8.o)
 .debug_loclists
                0x0000ec08       0x9f /opt/devkitpro/libctru/lib/libctru.a(utf8_to_utf16.o)
 .debug_loclists
                0x0000eca7       0x5c /opt/devkitpro/libctru/lib/libctru.a(allocateHeaps.o)
 .debug_loclists
                0x0000ed03      0x106 /opt/devkitpro/libctru/lib/libctru.a(mappable.o)
 .debug_loclists
                0x0000ee09       0xb8 /opt/devkitpro/libctru/lib/libctru.a(decode_utf16.o)
 .debug_loclists
                0x0000eec1       0x88 /opt/devkitpro/libctru/lib/libctru.a(encode_utf16.o)
 .debug_loclists
                0x0000ef49      0x11d /opt/devkitpro/libctru/lib/libctru.a(encode_utf8.o)

.debug_rnglists
                0x00000000     0x3011
 .debug_rnglists
                0x00000000       0x20 /opt/devkitpro/libctru/lib/libctru.a(initArgv.o)
 .debug_rnglists
                0x00000020       0x19 /opt/devkitpro/libctru/lib/libctru.a(stack_adjust.o)
 .debug_rnglists
                0x00000039       0x14 /opt/devkitpro/libctru/lib/libctru.a(3dslink.o)
 .debug_rnglists
                0x0000004d       0x13 /opt/devkitpro/libctru/lib/libctru.a(appExit.o)
 .debug_rnglists
                0x00000060       0x13 /opt/devkitpro/libctru/lib/libctru.a(appInit.o)
 .debug_rnglists
                0x00000073       0x14 /opt/devkitpro/libctru/lib/libctru.a(ctru_exit.o)
 .debug_rnglists
                0x00000087       0x13 /opt/devkitpro/libctru/lib/libctru.a(ctru_init.o)
 .debug_rnglists
                0x0000009a       0xf9 /opt/devkitpro/libctru/lib/libctru.a(syscalls.o)
 .debug_rnglists
                0x00000193      0x25f /opt/devkitpro/libctru/lib/libctru.a(svc.o)
 .debug_rnglists
                0x000003f2      0x1d0 /opt/devkitpro/libctru/lib/libctru.a(archive_dev.o)
 .debug_rnglists
                0x000005c2       0x1a /opt/devkitpro/libctru/lib/libctru.a(env.o)
 .debug_rnglists
                0x000005dc       0x7a /opt/devkitpro/libctru/lib/libctru.a(os.o)
 .debug_rnglists
                0x00000656      0x17c /opt/devkitpro/libctru/lib/libctru.a(srv.o)
 .debug_rnglists
                0x000007d2      0x3c5 /opt/devkitpro/libctru/lib/libctru.a(synchronization.o)
 .debug_rnglists
                0x00000b97       0xc2 /opt/devkitpro/libctru/lib/libctru.a(thread.o)
 .debug_rnglists
                0x00000c59      0x794 /opt/devkitpro/libctru/lib/libctru.a(apt.o)
 .debug_rnglists
                0x000013ed     0x1296 /opt/devkitpro/libctru/lib/libctru.a(fs.o)
 .debug_rnglists
                0x00002683      0x543 /opt/devkitpro/libctru/lib/libctru.a(gspgpu.o)
 .debug_rnglists
                0x00002bc6       0xfc /opt/devkitpro/libctru/lib/libctru.a(hid.o)
 .debug_rnglists
                0x00002cc2       0x88 /opt/devkitpro/libctru/lib/libctru.a(irrst.o)
 .debug_rnglists
                0x00002d4a      0x11b /opt/devkitpro/libctru/lib/libctru.a(ptmsysm.o)
 .debug_rnglists
                0x00002e65       0xe9 /opt/devkitpro/libctru/lib/libctru.a(srvpm.o)
 .debug_rnglists
                0x00002f4e       0x14 /opt/devkitpro/libctru/lib/libctru.a(decode_utf8.o)
 .debug_rnglists
                0x00002f62       0x14 /opt/devkitpro/libctru/lib/libctru.a(utf16_to_utf8.o)
 .debug_rnglists
                0x00002f76       0x14 /opt/devkitpro/libctru/lib/libctru.a(utf8_to_utf16.o)
 .debug_rnglists
                0x00002f8a       0x14 /opt/devkitpro/libctru/lib/libctru.a(allocateHeaps.o)
 .debug_rnglists
                0x00002f9e       0x39 /opt/devkitpro/libctru/lib/libctru.a(mappable.o)
 .debug_rnglists
                0x00002fd7       0x13 /opt/devkitpro/libctru/lib/libctru.a(decode_utf16.o)
 .debug_rnglists
                0x00002fea       0x13 /opt/devkitpro/libctru/lib/libctru.a(encode_utf16.o)
 .debug_rnglists
                0x00002ffd       0x14 /opt/devkitpro/libctru/lib/libctru.a(encode_utf8.o)

.debug_line_str
                0x00000000      0x131
 .debug_line_str
                0x00000000      0x131 /opt/devkitpro/libctru/lib/libctru.a(stack_adjust.o)
                                 0xc9 (size before relaxing)
 .debug_line_str
                0x00000131       0xb9 /opt/devkitpro/libctru/lib/libctru.a(svc.o)
 .debug_line_str
                0x00000131       0xc3 /opt/devkitpro/libctru/lib/libctru.a(readtp.o)
